Archive member included to satisfy reference by file (symbol)

C:\Users\Student\Documents\1 Uni Year 3\temperature_checker\IoT_temperature_checker\arduino\build/..\..\..\..\..\..\AppData\Local\Temp\arduino\cores\arduino_megaavr_uno2018_mode_on_b4b2a5711bed9c90ce8027a7c72511d6\core.a(UART.cpp.o)
                              C:\Users\Student\Documents\1 Uni Year 3\temperature_checker\IoT_temperature_checker\arduino\build\sketch\arduino.ino.cpp.o (symbol from plugin) (_ZN9UartClass9availableEv)
C:\Users\Student\Documents\1 Uni Year 3\temperature_checker\IoT_temperature_checker\arduino\build/..\..\..\..\..\..\AppData\Local\Temp\arduino\cores\arduino_megaavr_uno2018_mode_on_b4b2a5711bed9c90ce8027a7c72511d6\core.a(UART0.cpp.o)
                              C:\Users\Student\Documents\1 Uni Year 3\temperature_checker\IoT_temperature_checker\arduino\build\sketch\arduino.ino.cpp.o (symbol from plugin) (Serial)
C:\Users\Student\Documents\1 Uni Year 3\temperature_checker\IoT_temperature_checker\arduino\build/..\..\..\..\..\..\AppData\Local\Temp\arduino\cores\arduino_megaavr_uno2018_mode_on_b4b2a5711bed9c90ce8027a7c72511d6\core.a(WMath.cpp.o)
                              C:\Users\Student\Documents\1 Uni Year 3\temperature_checker\IoT_temperature_checker\arduino\build\libraries\ArduinoHttpClient\WebSocketClient.cpp.o (symbol from plugin) (_Z6randoml)
C:\Users\Student\Documents\1 Uni Year 3\temperature_checker\IoT_temperature_checker\arduino\build/..\..\..\..\..\..\AppData\Local\Temp\arduino\cores\arduino_megaavr_uno2018_mode_on_b4b2a5711bed9c90ce8027a7c72511d6\core.a(abi.cpp.o)
                              C:\Users\Student\Documents\1 Uni Year 3\temperature_checker\IoT_temperature_checker\arduino\build\libraries\WiFiNINA\WiFiServer.cpp.o (symbol from plugin) (__cxa_pure_virtual)
C:\Users\Student\Documents\1 Uni Year 3\temperature_checker\IoT_temperature_checker\arduino\build/..\..\..\..\..\..\AppData\Local\Temp\arduino\cores\arduino_megaavr_uno2018_mode_on_b4b2a5711bed9c90ce8027a7c72511d6\core.a(IPAddress.cpp.o)
                              C:\Users\Student\Documents\1 Uni Year 3\temperature_checker\IoT_temperature_checker\arduino\build\libraries\ArduinoHttpClient\HttpClient.cpp.o (symbol from plugin) (_ZTVN7arduino9IPAddressE)
C:\Users\Student\Documents\1 Uni Year 3\temperature_checker\IoT_temperature_checker\arduino\build/..\..\..\..\..\..\AppData\Local\Temp\arduino\cores\arduino_megaavr_uno2018_mode_on_b4b2a5711bed9c90ce8027a7c72511d6\core.a(Print.cpp.o)
                              C:\Users\Student\Documents\1 Uni Year 3\temperature_checker\IoT_temperature_checker\arduino\build\libraries\Grove_-_LCD_RGB_Backlight\rgb_lcd.cpp.o (symbol from plugin) (_ZN7arduino5Print5writeEPKhj)
C:\Users\Student\Documents\1 Uni Year 3\temperature_checker\IoT_temperature_checker\arduino\build/..\..\..\..\..\..\AppData\Local\Temp\arduino\cores\arduino_megaavr_uno2018_mode_on_b4b2a5711bed9c90ce8027a7c72511d6\core.a(Stream.cpp.o)
                              C:\Users\Student\Documents\1 Uni Year 3\temperature_checker\IoT_temperature_checker\arduino\build\libraries\ArduinoHttpClient\HttpClient.cpp.o (symbol from plugin) (_ZN7arduino6Stream9timedReadEv)
C:\Users\Student\Documents\1 Uni Year 3\temperature_checker\IoT_temperature_checker\arduino\build/..\..\..\..\..\..\AppData\Local\Temp\arduino\cores\arduino_megaavr_uno2018_mode_on_b4b2a5711bed9c90ce8027a7c72511d6\core.a(String.cpp.o)
                              C:\Users\Student\Documents\1 Uni Year 3\temperature_checker\IoT_temperature_checker\arduino\build\libraries\ArduinoHttpClient\HttpClient.cpp.o (symbol from plugin) (_ZN7arduino6StringC1EOS0_)
C:\Users\Student\Documents\1 Uni Year 3\temperature_checker\IoT_temperature_checker\arduino\build/..\..\..\..\..\..\AppData\Local\Temp\arduino\cores\arduino_megaavr_uno2018_mode_on_b4b2a5711bed9c90ce8027a7c72511d6\core.a(hooks.c.o)
                              C:\Users\Student\Documents\1 Uni Year 3\temperature_checker\IoT_temperature_checker\arduino\build\libraries\ArduinoMqttClient\MqttClient.cpp.o (symbol from plugin) (yield)
C:\Users\Student\Documents\1 Uni Year 3\temperature_checker\IoT_temperature_checker\arduino\build/..\..\..\..\..\..\AppData\Local\Temp\arduino\cores\arduino_megaavr_uno2018_mode_on_b4b2a5711bed9c90ce8027a7c72511d6\core.a(main.cpp.o)
                              c:/users/student/appdata/local/arduino15/packages/arduino/tools/avr-gcc/7.3.0-atmel3.6.1-arduino5/bin/../lib/gcc/avr/7.3.0/../../../../avr/lib/avrxmega3/crtatmega4809.o (main)
C:\Users\Student\Documents\1 Uni Year 3\temperature_checker\IoT_temperature_checker\arduino\build/..\..\..\..\..\..\AppData\Local\Temp\arduino\cores\arduino_megaavr_uno2018_mode_on_b4b2a5711bed9c90ce8027a7c72511d6\core.a(new.cpp.o)
                              C:\Users\Student\Documents\1 Uni Year 3\temperature_checker\IoT_temperature_checker\arduino\build\libraries\ArduinoHttpClient\URLEncoder.cpp.o (symbol from plugin) (_ZdlPv)
[...]
Memory Configuration

Name             Origin             Length             Attributes
text             0x00000000         0x00100000         xr
data             0x00802000         0x0000ffa0         rw !x
eeprom           0x00810000         0x00010000         rw !x
fuse             0x00820000         0x00000009         rw !x
lock             0x00830000         0x00000400         rw !x
signature        0x00840000         0x00000400         rw !x
user_signatures  0x00850000         0x00000400         rw !x
*default*        0x00000000         0xffffffff

Linker script and memory map

Address of section .data set to 0x802800
                0x00004000                __RODATA_PM_OFFSET__ = 0x4000
LOAD c:/users/student/appdata/local/arduino15/packages/arduino/tools/avr-gcc/7.3.0-atmel3.6.1-arduino5/bin/../lib/gcc/avr/7.3.0/../../../../avr/lib/avrxmega3/crtatmega4809.o
Address of section .text set to 0x200
LOAD C:\Users\Student\Documents\1 Uni Year 3\temperature_checker\IoT_temperature_checker\arduino\build\sketch\arduino.ino.cpp.o
LOAD C:\Users\Student\AppData\Local\Temp\cc2wOPqg.ltrans0.ltrans.o
LOAD C:\Users\Student\Documents\1 Uni Year 3\temperature_checker\IoT_temperature_checker\arduino\build\libraries\ThingSpeak\ThingSpeak.cpp.o
LOAD C:\Users\Student\Documents\1 Uni Year 3\temperature_checker\IoT_temperature_checker\arduino\build\libraries\ArduinoHttpClient\HttpClient.cpp.o
LOAD C:\Users\Student\Documents\1 Uni Year 3\temperature_checker\IoT_temperature_checker\arduino\build\libraries\ArduinoHttpClient\URLEncoder.cpp.o
LOAD C:\Users\Student\Documents\1 Uni Year 3\temperature_checker\IoT_temperature_checker\arduino\build\libraries\ArduinoHttpClient\WebSocketClient.cpp.o
LOAD C:\Users\Student\Documents\1 Uni Year 3\temperature_checker\IoT_temperature_checker\arduino\build\libraries\ArduinoHttpClient\b64.cpp.o
LOAD C:\Users\Student\Documents\1 Uni Year 3\temperature_checker\IoT_temperature_checker\arduino\build\libraries\EasyNTPClient\EasyNTPClient.cpp.o
LOAD C:\Users\Student\Documents\1 Uni Year 3\temperature_checker\IoT_temperature_checker\arduino\build\libraries\Time\DateStrings.cpp.o
LOAD C:\Users\Student\Documents\1 Uni Year 3\temperature_checker\IoT_temperature_checker\arduino\build\libraries\Time\Time.cpp.o
LOAD C:\Users\Student\Documents\1 Uni Year 3\temperature_checker\IoT_temperature_checker\arduino\build\libraries\ArduinoMqttClient\MqttClient.cpp.o
LOAD C:\Users\Student\Documents\1 Uni Year 3\temperature_checker\IoT_temperature_checker\arduino\build\libraries\Grove_-_LCD_RGB_Backlight\rgb_lcd.cpp.o
LOAD C:\Users\Student\Documents\1 Uni Year 3\temperature_checker\IoT_temperature_checker\arduino\build\libraries\SimpleTimer\SimpleTimer.cpp.o
LOAD C:\Users\Student\Documents\1 Uni Year 3\temperature_checker\IoT_temperature_checker\arduino\build\libraries\WiFiNINA\WiFi.cpp.o
LOAD C:\Users\Student\Documents\1 Uni Year 3\temperature_checker\IoT_temperature_checker\arduino\build\libraries\WiFiNINA\WiFiClient.cpp.o
LOAD C:\Users\Student\Documents\1 Uni Year 3\temperature_checker\IoT_temperature_checker\arduino\build\libraries\WiFiNINA\WiFiSSLClient.cpp.o
LOAD C:\Users\Student\Documents\1 Uni Year 3\temperature_checker\IoT_temperature_checker\arduino\build\libraries\WiFiNINA\WiFiServer.cpp.o
LOAD C:\Users\Student\Documents\1 Uni Year 3\temperature_checker\IoT_temperature_checker\arduino\build\libraries\WiFiNINA\WiFiStorage.cpp.o
LOAD C:\Users\Student\Documents\1 Uni Year 3\temperature_checker\IoT_temperature_checker\arduino\build\libraries\WiFiNINA\WiFiUdp.cpp.o
LOAD C:\Users\Student\Documents\1 Uni Year 3\temperature_checker\IoT_temperature_checker\arduino\build\libraries\WiFiNINA\utility\WiFiSocketBuffer.cpp.o
LOAD C:\Users\Student\Documents\1 Uni Year 3\temperature_checker\IoT_temperature_checker\arduino\build\libraries\WiFiNINA\utility\nano_rp2040_support.cpp.o
LOAD C:\Users\Student\Documents\1 Uni Year 3\temperature_checker\IoT_temperature_checker\arduino\build\libraries\WiFiNINA\utility\server_drv.cpp.o
LOAD C:\Users\Student\Documents\1 Uni Year 3\temperature_checker\IoT_temperature_checker\arduino\build\libraries\WiFiNINA\utility\spi_drv.cpp.o
LOAD C:\Users\Student\Documents\1 Uni Year 3\temperature_checker\IoT_temperature_checker\arduino\build\libraries\WiFiNINA\utility\wifi_drv.cpp.o
LOAD C:\Users\Student\Documents\1 Uni Year 3\temperature_checker\IoT_temperature_checker\arduino\build\libraries\Wire\Wire.cpp.o
LOAD C:\Users\Student\Documents\1 Uni Year 3\temperature_checker\IoT_temperature_checker\arduino\build\libraries\Wire\utility\twi.c.o
LOAD C:\Users\Student\Documents\1 Uni Year 3\temperature_checker\IoT_temperature_checker\arduino\build\libraries\SPI\SPI.cpp.o
LOAD C:\Users\Student\Documents\1 Uni Year 3\temperature_checker\IoT_temperature_checker\arduino\build\core\variant.c.o
LOAD C:\Users\Student\Documents\1 Uni Year 3\temperature_checker\IoT_temperature_checker\arduino\build/..\..\..\..\..\..\AppData\Local\Temp\arduino\cores\arduino_megaavr_uno2018_mode_on_b4b2a5711bed9c90ce8027a7c72511d6\core.a
LOAD c:/users/student/appdata/local/arduino15/packages/arduino/tools/avr-gcc/7.3.0-atmel3.6.1-arduino5/bin/../lib/gcc/avr/7.3.0/../../../../avr/lib/avrxmega3\libm.a
START GROUP
LOAD c:/users/student/appdata/local/arduino15/packages/arduino/tools/avr-gcc/7.3.0-atmel3.6.1-arduino5/bin/../lib/gcc/avr/7.3.0/avrxmega3\libgcc.a
LOAD c:/users/student/appdata/local/arduino15/packages/arduino/tools/avr-gcc/7.3.0-atmel3.6.1-arduino5/bin/../lib/gcc/avr/7.3.0/../../../../avr/lib/avrxmega3\libm.a
LOAD c:/users/student/appdata/local/arduino15/packages/arduino/tools/avr-gcc/7.3.0-atmel3.6.1-arduino5/bin/../lib/gcc/avr/7.3.0/../../../../avr/lib/avrxmega3\libc.a
LOAD c:/users/student/appdata/local/arduino15/packages/arduino/tools/avr-gcc/7.3.0-atmel3.6.1-arduino5/bin/../lib/gcc/avr/7.3.0/../../../../avr/lib/avrxmega3\libatmega4809.a
END GROUP
                0x00100000                __TEXT_REGION_LENGTH__ = DEFINED (__TEXT_REGION_LENGTH__)?__TEXT_REGION_LENGTH__:0x100000
                0x0000ffa0                __DATA_REGION_LENGTH__ = DEFINED (__DATA_REGION_LENGTH__)?__DATA_REGION_LENGTH__:0xffa0
                0x00010000                __EEPROM_REGION_LENGTH__ = DEFINED (__EEPROM_REGION_LENGTH__)?__EEPROM_REGION_LENGTH__:0x10000
                [0x00000009]                __FUSE_REGION_LENGTH__ = DEFINED (__FUSE_REGION_LENGTH__)?__FUSE_REGION_LENGTH__:0x400
                0x00000400                __LOCK_REGION_LENGTH__ = DEFINED (__LOCK_REGION_LENGTH__)?__LOCK_REGION_LENGTH__:0x400
                0x00000400                __SIGNATURE_REGION_LENGTH__ = DEFINED (__SIGNATURE_REGION_LENGTH__)?__SIGNATURE_REGION_LENGTH__:0x400
                0x00000400                __USER_SIGNATURE_REGION_LENGTH__ = DEFINED (__USER_SIGNATURE_REGION_LENGTH__)?__USER_SIGNATURE_REGION_LENGTH__:0x400
                0x00008000                __RODATA_PM_OFFSET__ = DEFINED (__RODATA_PM_OFFSET__)?__RODATA_PM_OFFSET__:0x8000

.hash
 *(.hash)

.dynsym
 *(.dynsym)

.dynstr
 *(.dynstr)

.gnu.version
 *(.gnu.version)

.gnu.version_d
 *(.gnu.version_d)

.gnu.version_r
 *(.gnu.version_r)

.rel.init
 *(.rel.init)

.rela.init
 *(.rela.init)

.rel.text
 *(.rel.text)
 *(.rel.text.*)
 *(.rel.gnu.linkonce.t*)

.rela.text
 *(.rela.text)
 *(.rela.text.*)
 *(.rela.gnu.linkonce.t*)

.rel.fini
 *(.rel.fini)

.rela.fini
 *(.rela.fini)

.rel.rodata
 *(.rel.rodata)
 *(.rel.rodata.*)
 *(.rel.gnu.linkonce.r*)

.rela.rodata
 *(.rela.rodata)
 *(.rela.rodata.*)
 *(.rela.gnu.linkonce.r*)

.rel.data
 *(.rel.data)
 *(.rel.data.*)
 *(.rel.gnu.linkonce.d*)

.rela.data
 *(.rela.data)
 *(.rela.data.*)
 *(.rela.gnu.linkonce.d*)

.rel.ctors
 *(.rel.ctors)

.rela.ctors
 *(.rela.ctors)

.rel.dtors
 *(.rel.dtors)

.rela.dtors
 *(.rela.dtors)

.rel.got
 *(.rel.got)

.rela.got
 *(.rela.got)

.rel.bss
 *(.rel.bss)

.rela.bss
 *(.rela.bss)

.rel.plt
 *(.rel.plt)

.rela.plt
 *(.rela.plt)

.text           0x00000200     0x8fb0
 *(.vectors)
 .vectors       0x00000200       0xa0 c:/users/student/appdata/local/arduino15/packages/arduino/tools/avr-gcc/7.3.0-atmel3.6.1-arduino5/bin/../lib/gcc/avr/7.3.0/../../../../avr/lib/avrxmega3/crtatmega4809.o
                0x00000200                __vector_default
                0x00000200                __vectors
 *(.vectors)
 *(.progmem.gcc*)
 .progmem.gcc_fplib
                0x000002a0       0x5a c:/users/student/appdata/local/arduino15/packages/arduino/tools/avr-gcc/7.3.0-atmel3.6.1-arduino5/bin/../lib/gcc/avr/7.3.0/../../../../avr/lib/avrxmega3\libm.a(log.o)
                0x000002fa                . = ALIGN (0x2)
                0x000002fa                __trampolines_start = .
 *(.trampolines)
 .trampolines   0x000002fa        0x0 linker stubs
 *(.trampolines*)
                0x000002fa                __trampolines_end = .
 *libprintf_flt.a:*(.progmem.data)
 *libc.a:*(.progmem.data)
 .progmem.data  0x000002fa       0xfa c:/users/student/appdata/local/arduino15/packages/arduino/tools/avr-gcc/7.3.0-atmel3.6.1-arduino5/bin/../lib/gcc/avr/7.3.0/../../../../avr/lib/avrxmega3\libc.a(ftoa_engine.o)
 *(.progmem*)
                0x000003f4                . = ALIGN (0x2)
 *(.jumptables)
 *(.jumptables*)
 *(.lowtext)
 *(.lowtext*)
                0x000003f4                __ctors_start = .
 *(.ctors)
 .ctors         0x000003f4        0x2 C:\Users\Student\AppData\Local\Temp\cc2wOPqg.ltrans0.ltrans.o
                0x000003f6                __ctors_end = .
                0x000003f6                __dtors_start = .
 *(.dtors)
 .dtors         0x000003f6        0x2 C:\Users\Student\AppData\Local\Temp\cc2wOPqg.ltrans0.ltrans.o
                0x000003f8                __dtors_end = .
 SORT(*)(.ctors)
 SORT(*)(.dtors)
 *(.init0)
 .init0         0x000003f8        0x0 c:/users/student/appdata/local/arduino15/packages/arduino/tools/avr-gcc/7.3.0-atmel3.6.1-arduino5/bin/../lib/gcc/avr/7.3.0/../../../../avr/lib/avrxmega3/crtatmega4809.o
                0x000003f8                __init
 *(.init0)
 *(.init1)
 *(.init1)
 *(.init2)
 .init2         0x000003f8        0xc c:/users/student/appdata/local/arduino15/packages/arduino/tools/avr-gcc/7.3.0-atmel3.6.1-arduino5/bin/../lib/gcc/avr/7.3.0/../../../../avr/lib/avrxmega3/crtatmega4809.o
 *(.init2)
 *(.init3)
 *(.init3)
 *(.init4)
 .init4         0x00000404       0x16 c:/users/student/appdata/local/arduino15/packages/arduino/tools/avr-gcc/7.3.0-atmel3.6.1-arduino5/bin/../lib/gcc/avr/7.3.0/avrxmega3\libgcc.a(_copy_data.o)
                0x00000404                __do_copy_data
 .init4         0x0000041a       0x10 c:/users/student/appdata/local/arduino15/packages/arduino/tools/avr-gcc/7.3.0-atmel3.6.1-arduino5/bin/../lib/gcc/avr/7.3.0/avrxmega3\libgcc.a(_clear_bss.o)
                0x0000041a                __do_clear_bss
 *(.init4)
 *(.init5)
 *(.init5)
 *(.init6)
 .init6         0x0000042a       0x16 c:/users/student/appdata/local/arduino15/packages/arduino/tools/avr-gcc/7.3.0-atmel3.6.1-arduino5/bin/../lib/gcc/avr/7.3.0/avrxmega3\libgcc.a(_ctors.o)
                0x0000042a                __do_global_ctors
 *(.init6)
 *(.init7)
 *(.init7)
 *(.init8)
 *(.init8)
 *(.init9)
 .init9         0x00000440        0x8 c:/users/student/appdata/local/arduino15/packages/arduino/tools/avr-gcc/7.3.0-atmel3.6.1-arduino5/bin/../lib/gcc/avr/7.3.0/../../../../avr/lib/avrxmega3/crtatmega4809.o
 *(.init9)
 *(.text)
 .text          0x00000448        0x4 c:/users/student/appdata/local/arduino15/packages/arduino/tools/avr-gcc/7.3.0-atmel3.6.1-arduino5/bin/../lib/gcc/avr/7.3.0/../../../../avr/lib/avrxmega3/crtatmega4809.o
                0x00000448                __vector_22
                0x00000448                __vector_28
                0x00000448                __vector_1
                0x00000448                __vector_32
                0x00000448                __vector_34
                0x00000448                __vector_24
                0x00000448                __vector_12
                0x00000448                __bad_interrupt
                0x00000448                __vector_6
                0x00000448                __vector_31
                0x00000448                __vector_35
                0x00000448                __vector_39
                0x00000448                __vector_3
                0x00000448                __vector_23
                0x00000448                __vector_30
                0x00000448                __vector_25
                0x00000448                __vector_11
                0x00000448                __vector_13
                0x00000448                __vector_17
                0x00000448                __vector_19
                0x00000448                __vector_7
                0x00000448                __vector_27
                0x00000448                __vector_5
                0x00000448                __vector_33
                0x00000448                __vector_4
                0x00000448                __vector_9
                0x00000448                __vector_2
                0x00000448                __vector_21
                0x00000448                __vector_29
                0x00000448                __vector_8
                0x00000448                __vector_26
                0x00000448                __vector_10
                0x00000448                __vector_16
                0x00000448                __vector_18
                0x00000448                __vector_20
 .text          0x0000044c     0x55bc C:\Users\Student\AppData\Local\Temp\cc2wOPqg.ltrans0.ltrans.o
                0x00005580                __vector_36
                0x00005648                __vector_38
                0x00005694                __vector_37
                0x00005726                __vector_14
                0x00005888                __vector_15
                0x00005a08                . = ALIGN (0x2)
 *(.text.*)
 .text.unlikely
                0x00005a08      0x262 C:\Users\Student\AppData\Local\Temp\cc2wOPqg.ltrans0.ltrans.o
 .text.exit     0x00005c6a       0x94 C:\Users\Student\AppData\Local\Temp\cc2wOPqg.ltrans0.ltrans.o
 .text.startup  0x00005cfe     0x1dc6 C:\Users\Student\AppData\Local\Temp\cc2wOPqg.ltrans0.ltrans.o
                0x00006218                main
 .text.avr-libc
                0x00007ac4       0x3c c:/users/student/appdata/local/arduino15/packages/arduino/tools/avr-gcc/7.3.0-atmel3.6.1-arduino5/bin/../lib/gcc/avr/7.3.0/../../../../avr/lib/avrxmega3\libc.a(dtostrf.o)
                0x00007ac4                dtostrf
 .text.avr-libc
                0x00007b00       0x4e c:/users/student/appdata/local/arduino15/packages/arduino/tools/avr-gcc/7.3.0-atmel3.6.1-arduino5/bin/../lib/gcc/avr/7.3.0/../../../../avr/lib/avrxmega3\libc.a(atol.o)
                0x00007b00                atol
 .text.avr-libc
                0x00007b4e       0x16 c:/users/student/appdata/local/arduino15/packages/arduino/tools/avr-gcc/7.3.0-atmel3.6.1-arduino5/bin/../lib/gcc/avr/7.3.0/../../../../avr/lib/avrxmega3\libc.a(itoa_ncheck.o)
                0x00007b4e                __itoa_ncheck
 .text.avr-libc
                0x00007b64       0x2a c:/users/student/appdata/local/arduino15/packages/arduino/tools/avr-gcc/7.3.0-atmel3.6.1-arduino5/bin/../lib/gcc/avr/7.3.0/../../../../avr/lib/avrxmega3\libc.a(mulsi10.o)
                0x00007b64                __mulsi_const_10
 .text.avr-libc
                0x00007b8e       0x34 c:/users/student/appdata/local/arduino15/packages/arduino/tools/avr-gcc/7.3.0-atmel3.6.1-arduino5/bin/../lib/gcc/avr/7.3.0/../../../../avr/lib/avrxmega3\libc.a(utoa_ncheck.o)
                0x00007b8e                __utoa_ncheck
                0x00007b90                __utoa_common
 .text.avr-libc
                0x00007bc2      0x2be c:/users/student/appdata/local/arduino15/packages/arduino/tools/avr-gcc/7.3.0-atmel3.6.1-arduino5/bin/../lib/gcc/avr/7.3.0/../../../../avr/lib/avrxmega3\libc.a(dtoa_prf.o)
                0x00007bc2                dtoa_prf
 .text.avr-libc
                0x00007e80      0x1b0 c:/users/student/appdata/local/arduino15/packages/arduino/tools/avr-gcc/7.3.0-atmel3.6.1-arduino5/bin/../lib/gcc/avr/7.3.0/../../../../avr/lib/avrxmega3\libc.a(ftoa_engine.o)
                0x00007e80                __ftoa_engine
 .text.avr-libc
                0x00008030       0x20 c:/users/student/appdata/local/arduino15/packages/arduino/tools/avr-gcc/7.3.0-atmel3.6.1-arduino5/bin/../lib/gcc/avr/7.3.0/../../../../avr/lib/avrxmega3\libc.a(strrev.o)
                0x00008030                strrev
 .text.avr-libc.fplib
                0x00008050        0xa c:/users/student/appdata/local/arduino15/packages/arduino/tools/avr-gcc/7.3.0-atmel3.6.1-arduino5/bin/../lib/gcc/avr/7.3.0/../../../../avr/lib/avrxmega3\libc.a(cmpsf2.o)
                0x00008050                __nesf2
                0x00008050                __eqsf2
                0x00008050                __cmpsf2
                0x00008050                __ltsf2
                0x00008050                __lesf2
 .text.avr-libc.fplib
                0x0000805a       0x7a c:/users/student/appdata/local/arduino15/packages/arduino/tools/avr-gcc/7.3.0-atmel3.6.1-arduino5/bin/../lib/gcc/avr/7.3.0/../../../../avr/lib/avrxmega3\libc.a(floatsisf.o)
                0x0000805a                __floatunsisf
                0x0000805e                __floatsisf
 .text.avr-libc.fplib
                0x000080d4       0x48 c:/users/student/appdata/local/arduino15/packages/arduino/tools/avr-gcc/7.3.0-atmel3.6.1-arduino5/bin/../lib/gcc/avr/7.3.0/../../../../avr/lib/avrxmega3\libc.a(fp_cmp.o)
                0x000080d4                __fp_cmp
 .text.avr-libc.fplib
                0x0000811c        0x8 c:/users/student/appdata/local/arduino15/packages/arduino/tools/avr-gcc/7.3.0-atmel3.6.1-arduino5/bin/../lib/gcc/avr/7.3.0/../../../../avr/lib/avrxmega3\libc.a(mulsf3.o)
                0x0000811c                __mulsf3
 .text.avr-libc.fplib
                0x00008124       0xd2 c:/users/student/appdata/local/arduino15/packages/arduino/tools/avr-gcc/7.3.0-atmel3.6.1-arduino5/bin/../lib/gcc/avr/7.3.0/../../../../avr/lib/avrxmega3\libc.a(mulsf3x.o)
                0x00008142                __mulsf3x
                0x00008148                __mulsf3_pse
 .text.avr-libc.fplib
                0x000081f6        0xc c:/users/student/appdata/local/arduino15/packages/arduino/tools/avr-gcc/7.3.0-atmel3.6.1-arduino5/bin/../lib/gcc/avr/7.3.0/../../../../avr/lib/avrxmega3\libc.a(fp_inf.o)
                0x000081f6                __fp_inf
 .text.avr-libc.fplib
                0x00008202        0x6 c:/users/student/appdata/local/arduino15/packages/arduino/tools/avr-gcc/7.3.0-atmel3.6.1-arduino5/bin/../lib/gcc/avr/7.3.0/../../../../avr/lib/avrxmega3\libc.a(fp_nan.o)
                0x00008202                __fp_nan
 .text.avr-libc.fplib
                0x00008208        0xe c:/users/student/appdata/local/arduino15/packages/arduino/tools/avr-gcc/7.3.0-atmel3.6.1-arduino5/bin/../lib/gcc/avr/7.3.0/../../../../avr/lib/avrxmega3\libc.a(fp_pscA.o)
                0x00008208                __fp_pscA
 .text.avr-libc.fplib
                0x00008216        0xe c:/users/student/appdata/local/arduino15/packages/arduino/tools/avr-gcc/7.3.0-atmel3.6.1-arduino5/bin/../lib/gcc/avr/7.3.0/../../../../avr/lib/avrxmega3\libc.a(fp_pscB.o)
                0x00008216                __fp_pscB
 .text.avr-libc.fplib
                0x00008224       0x22 c:/users/student/appdata/local/arduino15/packages/arduino/tools/avr-gcc/7.3.0-atmel3.6.1-arduino5/bin/../lib/gcc/avr/7.3.0/../../../../avr/lib/avrxmega3\libc.a(fp_round.o)
                0x00008224                __fp_round
 .text.avr-libc.fplib
                0x00008246       0x44 c:/users/student/appdata/local/arduino15/packages/arduino/tools/avr-gcc/7.3.0-atmel3.6.1-arduino5/bin/../lib/gcc/avr/7.3.0/../../../../avr/lib/avrxmega3\libc.a(fp_split3.o)
                0x00008246                __fp_split3
                0x00008256                __fp_splitA
 .text.avr-libc.fplib
                0x0000828a        0xe c:/users/student/appdata/local/arduino15/packages/arduino/tools/avr-gcc/7.3.0-atmel3.6.1-arduino5/bin/../lib/gcc/avr/7.3.0/../../../../avr/lib/avrxmega3\libc.a(fp_zero.o)
                0x0000828a                __fp_zero
                0x0000828c                __fp_szero
 .text.libgcc.div
                0x00008298       0x44 c:/users/student/appdata/local/arduino15/packages/arduino/tools/avr-gcc/7.3.0-atmel3.6.1-arduino5/bin/../lib/gcc/avr/7.3.0/avrxmega3\libgcc.a(_udivmodsi4.o)
                0x00008298                __udivmodsi4
 .text.libgcc.div
                0x000082dc       0x2e c:/users/student/appdata/local/arduino15/packages/arduino/tools/avr-gcc/7.3.0-atmel3.6.1-arduino5/bin/../lib/gcc/avr/7.3.0/avrxmega3\libgcc.a(_divmodsi4.o)
                0x000082dc                __divmodsi4
 .text.libgcc.div
                0x0000830a       0x10 c:/users/student/appdata/local/arduino15/packages/arduino/tools/avr-gcc/7.3.0-atmel3.6.1-arduino5/bin/../lib/gcc/avr/7.3.0/avrxmega3\libgcc.a(_negsi2.o)
                0x0000830a                __negsi2
 .text.libgcc.mul
                0x0000831a       0x16 c:/users/student/appdata/local/arduino15/packages/arduino/tools/avr-gcc/7.3.0-atmel3.6.1-arduino5/bin/../lib/gcc/avr/7.3.0/avrxmega3\libgcc.a(_muluhisi3.o)
                0x0000831a                __muluhisi3
 .text.libgcc.mul
                0x00008330       0x10 c:/users/student/appdata/local/arduino15/packages/arduino/tools/avr-gcc/7.3.0-atmel3.6.1-arduino5/bin/../lib/gcc/avr/7.3.0/avrxmega3\libgcc.a(_mulshisi3.o)
                0x00008330                __mulshisi3
                0x00008336                __mulohisi3
 .text.libgcc.prologue
                0x00008340       0x32 c:/users/student/appdata/local/arduino15/packages/arduino/tools/avr-gcc/7.3.0-atmel3.6.1-arduino5/bin/../lib/gcc/avr/7.3.0/avrxmega3\libgcc.a(_prologue.o)
                0x00008340                __prologue_saves__
 .text.libgcc.prologue
                0x00008372       0x30 c:/users/student/appdata/local/arduino15/packages/arduino/tools/avr-gcc/7.3.0-atmel3.6.1-arduino5/bin/../lib/gcc/avr/7.3.0/avrxmega3\libgcc.a(_epilogue.o)
                0x00008372                __epilogue_restores__
 .text.libgcc.mul
                0x000083a2       0x1e c:/users/student/appdata/local/arduino15/packages/arduino/tools/avr-gcc/7.3.0-atmel3.6.1-arduino5/bin/../lib/gcc/avr/7.3.0/avrxmega3\libgcc.a(_umulhisi3.o)
                0x000083a2                __umulhisi3
 .text.avr-libc.fplib
                0x000083c0        0xe c:/users/student/appdata/local/arduino15/packages/arduino/tools/avr-gcc/7.3.0-atmel3.6.1-arduino5/bin/../lib/gcc/avr/7.3.0/../../../../avr/lib/avrxmega3\libm.a(addsf3.o)
                0x000083c0                __subsf3
                0x000083c2                __addsf3
 .text.avr-libc.fplib
                0x000083ce       0xcc c:/users/student/appdata/local/arduino15/packages/arduino/tools/avr-gcc/7.3.0-atmel3.6.1-arduino5/bin/../lib/gcc/avr/7.3.0/../../../../avr/lib/avrxmega3\libm.a(addsf3x.o)
                0x000083f0                __addsf3x
 .text.avr-libc.fplib
                0x0000849a        0x8 c:/users/student/appdata/local/arduino15/packages/arduino/tools/avr-gcc/7.3.0-atmel3.6.1-arduino5/bin/../lib/gcc/avr/7.3.0/../../../../avr/lib/avrxmega3\libm.a(divsf3.o)
                0x0000849a                __divsf3
 .text.avr-libc.fplib
                0x000084a2       0xdc c:/users/student/appdata/local/arduino15/packages/arduino/tools/avr-gcc/7.3.0-atmel3.6.1-arduino5/bin/../lib/gcc/avr/7.3.0/../../../../avr/lib/avrxmega3\libm.a(divsf3x.o)
                0x000084c2                __divsf3x
                0x000084c8                __divsf3_pse
 .text.avr-libc.fplib
                0x0000857e        0xe c:/users/student/appdata/local/arduino15/packages/arduino/tools/avr-gcc/7.3.0-atmel3.6.1-arduino5/bin/../lib/gcc/avr/7.3.0/../../../../avr/lib/avrxmega3\libm.a(fixsfsi.o)
                0x0000857e                __fixsfsi
 .text.avr-libc.fplib
                0x0000858c       0x5e c:/users/student/appdata/local/arduino15/packages/arduino/tools/avr-gcc/7.3.0-atmel3.6.1-arduino5/bin/../lib/gcc/avr/7.3.0/../../../../avr/lib/avrxmega3\libm.a(fixunssfsi.o)
                0x0000858c                __fixunssfsi
 .text.avr-libc.fplib
                0x000085ea        0xa c:/users/student/appdata/local/arduino15/packages/arduino/tools/avr-gcc/7.3.0-atmel3.6.1-arduino5/bin/../lib/gcc/avr/7.3.0/../../../../avr/lib/avrxmega3\libm.a(gesf2.o)
                0x000085ea                __gesf2
                0x000085ea                __gtsf2
 .text.avr-libc.fplib
                0x000085f4       0xa0 c:/users/student/appdata/local/arduino15/packages/arduino/tools/avr-gcc/7.3.0-atmel3.6.1-arduino5/bin/../lib/gcc/avr/7.3.0/../../../../avr/lib/avrxmega3\libm.a(log.o)
                0x00008604                log
 .text.avr-libc.fplib
                0x00008694        0xa c:/users/student/appdata/local/arduino15/packages/arduino/tools/avr-gcc/7.3.0-atmel3.6.1-arduino5/bin/../lib/gcc/avr/7.3.0/../../../../avr/lib/avrxmega3\libm.a(unordsf2.o)
                0x00008694                __unordsf2
 .text.avr-libc.fplib
                0x0000869e       0x1c c:/users/student/appdata/local/arduino15/packages/arduino/tools/avr-gcc/7.3.0-atmel3.6.1-arduino5/bin/../lib/gcc/avr/7.3.0/../../../../avr/lib/avrxmega3\libm.a(fp_mpack.o)
                0x0000869e                __fp_mpack
                0x000086a2                __fp_mpack_finite
 .text.avr-libc.fplib
                0x000086ba       0x4e c:/users/student/appdata/local/arduino15/packages/arduino/tools/avr-gcc/7.3.0-atmel3.6.1-arduino5/bin/../lib/gcc/avr/7.3.0/../../../../avr/lib/avrxmega3\libm.a(fp_powser.o)
                0x000086ba                __fp_powser
 .text.libgcc.div
                0x00008708       0x28 c:/users/student/appdata/local/arduino15/packages/arduino/tools/avr-gcc/7.3.0-atmel3.6.1-arduino5/bin/../lib/gcc/avr/7.3.0/avrxmega3\libgcc.a(_udivmodhi4.o)
                0x00008708                __udivmodhi4
 .text.libgcc.div
                0x00008730       0x28 c:/users/student/appdata/local/arduino15/packages/arduino/tools/avr-gcc/7.3.0-atmel3.6.1-arduino5/bin/../lib/gcc/avr/7.3.0/avrxmega3\libgcc.a(_divmodhi4.o)
                0x00008730                _div
                0x00008730                __divmodhi4
 .text.libgcc   0x00008758        0xc c:/users/student/appdata/local/arduino15/packages/arduino/tools/avr-gcc/7.3.0-atmel3.6.1-arduino5/bin/../lib/gcc/avr/7.3.0/avrxmega3\libgcc.a(_tablejump2.o)
                0x00008758                __tablejump2__
 .text.libgcc.builtins
                0x00008764       0x3a c:/users/student/appdata/local/arduino15/packages/arduino/tools/avr-gcc/7.3.0-atmel3.6.1-arduino5/bin/../lib/gcc/avr/7.3.0/avrxmega3\libgcc.a(_ashrdi3.o)
                0x00008764                __ashrdi3
                0x00008768                __lshrdi3
 .text.libgcc   0x0000879e       0x12 c:/users/student/appdata/local/arduino15/packages/arduino/tools/avr-gcc/7.3.0-atmel3.6.1-arduino5/bin/../lib/gcc/avr/7.3.0/avrxmega3\libgcc.a(_adddi3.o)
                0x0000879e                __adddi3
 .text.libgcc   0x000087b0       0x12 c:/users/student/appdata/local/arduino15/packages/arduino/tools/avr-gcc/7.3.0-atmel3.6.1-arduino5/bin/../lib/gcc/avr/7.3.0/avrxmega3\libgcc.a(_cmpdi2.o)
                0x000087b0                __cmpdi2
 .text.libgcc   0x000087c2       0x18 c:/users/student/appdata/local/arduino15/packages/arduino/tools/avr-gcc/7.3.0-atmel3.6.1-arduino5/bin/../lib/gcc/avr/7.3.0/avrxmega3\libgcc.a(_cmpdi2_s8.o)
                0x000087c2                __cmpdi2_s8
 .text.avr-libc
                0x000087da      0x24a c:/users/student/appdata/local/arduino15/packages/arduino/tools/avr-gcc/7.3.0-atmel3.6.1-arduino5/bin/../lib/gcc/avr/7.3.0/../../../../avr/lib/avrxmega3\libc.a(malloc.o)
                0x000087da                malloc
                0x00008912                free
 .text.avr-libc
                0x00008a24      0x17a c:/users/student/appdata/local/arduino15/packages/arduino/tools/avr-gcc/7.3.0-atmel3.6.1-arduino5/bin/../lib/gcc/avr/7.3.0/../../../../avr/lib/avrxmega3\libc.a(realloc.o)
                0x00008a24                realloc
 .text.avr-libc
                0x00008b9e        0xa c:/users/student/appdata/local/arduino15/packages/arduino/tools/avr-gcc/7.3.0-atmel3.6.1-arduino5/bin/../lib/gcc/avr/7.3.0/../../../../avr/lib/avrxmega3\libc.a(abort.o)
                0x00008b9e                abort
 .text.avr-libc
                0x00008ba8       0x1a c:/users/student/appdata/local/arduino15/packages/arduino/tools/avr-gcc/7.3.0-atmel3.6.1-arduino5/bin/../lib/gcc/avr/7.3.0/../../../../avr/lib/avrxmega3\libc.a(memcmp.o)
                0x00008ba8                memcmp
 .text.avr-libc
                0x00008bc2       0x12 c:/users/student/appdata/local/arduino15/packages/arduino/tools/avr-gcc/7.3.0-atmel3.6.1-arduino5/bin/../lib/gcc/avr/7.3.0/../../../../avr/lib/avrxmega3\libc.a(memcpy.o)
                0x00008bc2                memcpy
 .text.avr-libc
                0x00008bd4       0x12 c:/users/student/appdata/local/arduino15/packages/arduino/tools/avr-gcc/7.3.0-atmel3.6.1-arduino5/bin/../lib/gcc/avr/7.3.0/../../../../avr/lib/avrxmega3\libc.a(strcmp.o)
                0x00008bd4                strcmp
 .text.avr-libc
                0x00008be6        0xe c:/users/student/appdata/local/arduino15/packages/arduino/tools/avr-gcc/7.3.0-atmel3.6.1-arduino5/bin/../lib/gcc/avr/7.3.0/../../../../avr/lib/avrxmega3\libc.a(strcpy.o)
                0x00008be6                strcpy
 .text.avr-libc
                0x00008bf4       0x60 c:/users/student/appdata/local/arduino15/packages/arduino/tools/avr-gcc/7.3.0-atmel3.6.1-arduino5/bin/../lib/gcc/avr/7.3.0/../../../../avr/lib/avrxmega3\libc.a(snprintf.o)
                0x00008bf4                snprintf
 .text.avr-libc
                0x00008c54       0x46 c:/users/student/appdata/local/arduino15/packages/arduino/tools/avr-gcc/7.3.0-atmel3.6.1-arduino5/bin/../lib/gcc/avr/7.3.0/../../../../avr/lib/avrxmega3\libc.a(sprintf.o)
                0x00008c54                sprintf
 .text.avr-libc
                0x00008c9a      0x3b4 c:/users/student/appdata/local/arduino15/packages/arduino/tools/avr-gcc/7.3.0-atmel3.6.1-arduino5/bin/../lib/gcc/avr/7.3.0/../../../../avr/lib/avrxmega3\libc.a(vfprintf_std.o)
                0x00008c9a                vfprintf
 .text.avr-libc
                0x0000904e       0x16 c:/users/student/appdata/local/arduino15/packages/arduino/tools/avr-gcc/7.3.0-atmel3.6.1-arduino5/bin/../lib/gcc/avr/7.3.0/../../../../avr/lib/avrxmega3\libc.a(strnlen_P.o)
                0x0000904e                strnlen_P
 .text.avr-libc
                0x00009064       0x16 c:/users/student/appdata/local/arduino15/packages/arduino/tools/avr-gcc/7.3.0-atmel3.6.1-arduino5/bin/../lib/gcc/avr/7.3.0/../../../../avr/lib/avrxmega3\libc.a(strnlen.o)
                0x00009064                strnlen
 .text.avr-libc
                0x0000907a       0x60 c:/users/student/appdata/local/arduino15/packages/arduino/tools/avr-gcc/7.3.0-atmel3.6.1-arduino5/bin/../lib/gcc/avr/7.3.0/../../../../avr/lib/avrxmega3\libc.a(fputc.o)
                0x0000907a                fputc
 .text.avr-libc
                0x000090da       0xbc c:/users/student/appdata/local/arduino15/packages/arduino/tools/avr-gcc/7.3.0-atmel3.6.1-arduino5/bin/../lib/gcc/avr/7.3.0/../../../../avr/lib/avrxmega3\libc.a(ultoa_invert.o)
                0x000090da                __ultoa_invert
                0x00009196                . = ALIGN (0x2)
 *(.fini9)
 .fini9         0x00009196        0x0 c:/users/student/appdata/local/arduino15/packages/arduino/tools/avr-gcc/7.3.0-atmel3.6.1-arduino5/bin/../lib/gcc/avr/7.3.0/avrxmega3\libgcc.a(_exit.o)
                0x00009196                _exit
                0x00009196                exit
 *(.fini9)
 *(.fini8)
 *(.fini8)
 *(.fini7)
 *(.fini7)
 *(.fini6)
 .fini6         0x00009196       0x16 c:/users/student/appdata/local/arduino15/packages/arduino/tools/avr-gcc/7.3.0-atmel3.6.1-arduino5/bin/../lib/gcc/avr/7.3.0/avrxmega3\libgcc.a(_dtors.o)
                0x00009196                __do_global_dtors
 *(.fini6)
 *(.fini5)
 *(.fini5)
 *(.fini4)
 *(.fini4)
 *(.fini3)
 *(.fini3)
 *(.fini2)
 *(.fini2)
 *(.fini1)
 *(.fini1)
 *(.fini0)
 .fini0         0x000091ac        0x4 c:/users/student/appdata/local/arduino15/packages/arduino/tools/avr-gcc/7.3.0-atmel3.6.1-arduino5/bin/../lib/gcc/avr/7.3.0/avrxmega3\libgcc.a(_exit.o)
 *(.fini0)
                0x000091b0                _etext = .

.rodata         0x0000d1b0      0x73f load address 0x000091b0
 *(.rodata)
 .rodata        0x0000d1b0      0x1e3 C:\Users\Student\AppData\Local\Temp\cc2wOPqg.ltrans0.ltrans.o
 *(.rodata*)
 .rodata.str1.1
                0x0000d393      0x55c C:\Users\Student\AppData\Local\Temp\cc2wOPqg.ltrans0.ltrans.o
                                0x566 (size before relaxing)
 *(.gnu.linkonce.r*)

.data           0x00802800       0x12 load address 0x000098ef
                0x00802800                PROVIDE (__data_start, .)
 *(.data)
 .data          0x00802800        0xb C:\Users\Student\AppData\Local\Temp\cc2wOPqg.ltrans0.ltrans.o
 .data          0x0080280b        0x6 c:/users/student/appdata/local/arduino15/packages/arduino/tools/avr-gcc/7.3.0-atmel3.6.1-arduino5/bin/../lib/gcc/avr/7.3.0/../../../../avr/lib/avrxmega3\libc.a(malloc.o)
                0x0080280b                __malloc_heap_end
                0x0080280d                __malloc_heap_start
                0x0080280f                __malloc_margin
 *(.data*)
 *(.gnu.linkonce.d*)
                0x00802812                . = ALIGN (0x2)
 *fill*         0x00802811        0x1 
                0x00802812                _edata = .
                0x00802812                PROVIDE (__data_end, .)

.bss            0x00802812      0x4a2
                0x00802812                PROVIDE (__bss_start, .)
 *(.bss)
 .bss           0x00802812      0x49e C:\Users\Student\AppData\Local\Temp\cc2wOPqg.ltrans0.ltrans.o
 *(.bss*)
 *(COMMON)
 COMMON         0x00802cb0        0x4 c:/users/student/appdata/local/arduino15/packages/arduino/tools/avr-gcc/7.3.0-atmel3.6.1-arduino5/bin/../lib/gcc/avr/7.3.0/../../../../avr/lib/avrxmega3\libc.a(malloc.o)
                0x00802cb0                __brkval
                0x00802cb2                __flp
                0x00802cb4                PROVIDE (__bss_end, .)
                0x000098ef                __data_load_start = LOADADDR (.data)
                0x00009901                __data_load_end = (__data_load_start + SIZEOF (.data))

.noinit         0x00802cb4        0x0
                [!provide]                PROVIDE (__noinit_start, .)
 *(.noinit*)
                [!provide]                PROVIDE (__noinit_end, .)
                0x00802cb4                _end = .
                0x00802cb4                PROVIDE (__heap_start, .)

.eeprom         0x00810000        0x0
 *(.eeprom*)
                0x00810000                __eeprom_end = .

.fuse
 *(.fuse)
 *(.lfuse)
 *(.hfuse)
 *(.efuse)

.lock
 *(.lock*)

.signature
 *(.signature*)

.user_signatures
 *(.user_signatures*)

.stab
 *(.stab)

.stabstr
 *(.stabstr)

.stab.excl
 *(.stab.excl)

.stab.exclstr
 *(.stab.exclstr)

.stab.index
 *(.stab.index)

.stab.indexstr
 *(.stab.indexstr)

.comment        0x00000000       0x11
 *(.comment)
 .comment       0x00000000       0x12 C:\Users\Student\AppData\Local\Temp\cc2wOPqg.ltrans0.ltrans.o
 .comment       0x00000000       0x11 c:/users/student/appdata/local/arduino15/packages/arduino/tools/avr-gcc/7.3.0-atmel3.6.1-arduino5/bin/../lib/gcc/avr/7.3.0/../../../../avr/lib/avrxmega3\libc.a(dtostrf.o)
                                 0x12 (size before relaxing)
 .comment       0x00000011       0x12 c:/users/student/appdata/local/arduino15/packages/arduino/tools/avr-gcc/7.3.0-atmel3.6.1-arduino5/bin/../lib/gcc/avr/7.3.0/../../../../avr/lib/avrxmega3\libc.a(dtoa_prf.o)
 .comment       0x00000011       0x12 c:/users/student/appdata/local/arduino15/packages/arduino/tools/avr-gcc/7.3.0-atmel3.6.1-arduino5/bin/../lib/gcc/avr/7.3.0/../../../../avr/lib/avrxmega3\libc.a(malloc.o)
 .comment       0x00000011       0x12 c:/users/student/appdata/local/arduino15/packages/arduino/tools/avr-gcc/7.3.0-atmel3.6.1-arduino5/bin/../lib/gcc/avr/7.3.0/../../../../avr/lib/avrxmega3\libc.a(realloc.o)
 .comment       0x00000011       0x12 c:/users/student/appdata/local/arduino15/packages/arduino/tools/avr-gcc/7.3.0-atmel3.6.1-arduino5/bin/../lib/gcc/avr/7.3.0/../../../../avr/lib/avrxmega3\libc.a(snprintf.o)
 .comment       0x00000011       0x12 c:/users/student/appdata/local/arduino15/packages/arduino/tools/avr-gcc/7.3.0-atmel3.6.1-arduino5/bin/../lib/gcc/avr/7.3.0/../../../../avr/lib/avrxmega3\libc.a(sprintf.o)
 .comment       0x00000011       0x12 c:/users/student/appdata/local/arduino15/packages/arduino/tools/avr-gcc/7.3.0-atmel3.6.1-arduino5/bin/../lib/gcc/avr/7.3.0/../../../../avr/lib/avrxmega3\libc.a(vfprintf_std.o)
 .comment       0x00000011       0x12 c:/users/student/appdata/local/arduino15/packages/arduino/tools/avr-gcc/7.3.0-atmel3.6.1-arduino5/bin/../lib/gcc/avr/7.3.0/../../../../avr/lib/avrxmega3\libc.a(fputc.o)

.note.gnu.avr.deviceinfo
                0x00000000       0x40
 .note.gnu.avr.deviceinfo
                0x00000000       0x40 c:/users/student/appdata/local/arduino15/packages/arduino/tools/avr-gcc/7.3.0-atmel3.6.1-arduino5/bin/../lib/gcc/avr/7.3.0/../../../../avr/lib/avrxmega3/crtatmega4809.o

.note.gnu.build-id
 *(.note.gnu.build-id)

.debug
 *(.debug)

.line
 *(.line)

.debug_srcinfo
 *(.debug_srcinfo)

.debug_sfnames
 *(.debug_sfnames)

.debug_aranges  0x00000000      0x2c0
 *(.debug_aranges)
 .debug_aranges
                0x00000000       0x40 C:\Users\Student\AppData\Local\Temp\cc2wOPqg.ltrans0.ltrans.o
 .debug_aranges
                0x00000040       0x20 c:/users/student/appdata/local/arduino15/packages/arduino/tools/avr-gcc/7.3.0-atmel3.6.1-arduino5/bin/../lib/gcc/avr/7.3.0/avrxmega3\libgcc.a(_exit.o)
 .debug_aranges
                0x00000060       0x20 c:/users/student/appdata/local/arduino15/packages/arduino/tools/avr-gcc/7.3.0-atmel3.6.1-arduino5/bin/../lib/gcc/avr/7.3.0/avrxmega3\libgcc.a(_udivmodsi4.o)
 .debug_aranges
                0x00000080       0x20 c:/users/student/appdata/local/arduino15/packages/arduino/tools/avr-gcc/7.3.0-atmel3.6.1-arduino5/bin/../lib/gcc/avr/7.3.0/avrxmega3\libgcc.a(_divmodsi4.o)
 .debug_aranges
                0x000000a0       0x20 c:/users/student/appdata/local/arduino15/packages/arduino/tools/avr-gcc/7.3.0-atmel3.6.1-arduino5/bin/../lib/gcc/avr/7.3.0/avrxmega3\libgcc.a(_negsi2.o)
 .debug_aranges
                0x000000c0       0x20 c:/users/student/appdata/local/arduino15/packages/arduino/tools/avr-gcc/7.3.0-atmel3.6.1-arduino5/bin/../lib/gcc/avr/7.3.0/avrxmega3\libgcc.a(_copy_data.o)
 .debug_aranges
                0x000000e0       0x20 c:/users/student/appdata/local/arduino15/packages/arduino/tools/avr-gcc/7.3.0-atmel3.6.1-arduino5/bin/../lib/gcc/avr/7.3.0/avrxmega3\libgcc.a(_clear_bss.o)
 .debug_aranges
                0x00000100       0x20 c:/users/student/appdata/local/arduino15/packages/arduino/tools/avr-gcc/7.3.0-atmel3.6.1-arduino5/bin/../lib/gcc/avr/7.3.0/avrxmega3\libgcc.a(_muluhisi3.o)
 .debug_aranges
                0x00000120       0x20 c:/users/student/appdata/local/arduino15/packages/arduino/tools/avr-gcc/7.3.0-atmel3.6.1-arduino5/bin/../lib/gcc/avr/7.3.0/avrxmega3\libgcc.a(_mulshisi3.o)
 .debug_aranges
                0x00000140       0x20 c:/users/student/appdata/local/arduino15/packages/arduino/tools/avr-gcc/7.3.0-atmel3.6.1-arduino5/bin/../lib/gcc/avr/7.3.0/avrxmega3\libgcc.a(_prologue.o)
 .debug_aranges
                0x00000160       0x20 c:/users/student/appdata/local/arduino15/packages/arduino/tools/avr-gcc/7.3.0-atmel3.6.1-arduino5/bin/../lib/gcc/avr/7.3.0/avrxmega3\libgcc.a(_epilogue.o)
 .debug_aranges
                0x00000180       0x20 c:/users/student/appdata/local/arduino15/packages/arduino/tools/avr-gcc/7.3.0-atmel3.6.1-arduino5/bin/../lib/gcc/avr/7.3.0/avrxmega3\libgcc.a(_umulhisi3.o)
 .debug_aranges
                0x000001a0       0x20 c:/users/student/appdata/local/arduino15/packages/arduino/tools/avr-gcc/7.3.0-atmel3.6.1-arduino5/bin/../lib/gcc/avr/7.3.0/avrxmega3\libgcc.a(_udivmodhi4.o)
 .debug_aranges
                0x000001c0       0x20 c:/users/student/appdata/local/arduino15/packages/arduino/tools/avr-gcc/7.3.0-atmel3.6.1-arduino5/bin/../lib/gcc/avr/7.3.0/avrxmega3\libgcc.a(_divmodhi4.o)
 .debug_aranges
                0x000001e0       0x20 c:/users/student/appdata/local/arduino15/packages/arduino/tools/avr-gcc/7.3.0-atmel3.6.1-arduino5/bin/../lib/gcc/avr/7.3.0/avrxmega3\libgcc.a(_tablejump2.o)
 .debug_aranges
                0x00000200       0x20 c:/users/student/appdata/local/arduino15/packages/arduino/tools/avr-gcc/7.3.0-atmel3.6.1-arduino5/bin/../lib/gcc/avr/7.3.0/avrxmega3\libgcc.a(_ctors.o)
 .debug_aranges
                0x00000220       0x20 c:/users/student/appdata/local/arduino15/packages/arduino/tools/avr-gcc/7.3.0-atmel3.6.1-arduino5/bin/../lib/gcc/avr/7.3.0/avrxmega3\libgcc.a(_dtors.o)
 .debug_aranges
                0x00000240       0x20 c:/users/student/appdata/local/arduino15/packages/arduino/tools/avr-gcc/7.3.0-atmel3.6.1-arduino5/bin/../lib/gcc/avr/7.3.0/avrxmega3\libgcc.a(_ashrdi3.o)
 .debug_aranges
                0x00000260       0x20 c:/users/student/appdata/local/arduino15/packages/arduino/tools/avr-gcc/7.3.0-atmel3.6.1-arduino5/bin/../lib/gcc/avr/7.3.0/avrxmega3\libgcc.a(_adddi3.o)
 .debug_aranges
                0x00000280       0x20 c:/users/student/appdata/local/arduino15/packages/arduino/tools/avr-gcc/7.3.0-atmel3.6.1-arduino5/bin/../lib/gcc/avr/7.3.0/avrxmega3\libgcc.a(_cmpdi2.o)
 .debug_aranges
                0x000002a0       0x20 c:/users/student/appdata/local/arduino15/packages/arduino/tools/avr-gcc/7.3.0-atmel3.6.1-arduino5/bin/../lib/gcc/avr/7.3.0/avrxmega3\libgcc.a(_cmpdi2_s8.o)

.debug_pubnames
 *(.debug_pubnames)

.debug_info     0x00000000    0x18366
 *(.debug_info .gnu.linkonce.wi.*)
 .debug_info    0x00000000     0x249d c:/users/student/appdata/local/arduino15/packages/arduino/tools/avr-gcc/7.3.0-atmel3.6.1-arduino5/bin/../lib/gcc/avr/7.3.0/../../../../avr/lib/avrxmega3/crtatmega4809.o
 .debug_info    0x0000249d    0x14fc9 C:\Users\Student\AppData\Local\Temp\cc2wOPqg.ltrans0.ltrans.o
 .debug_info    0x00017466       0xc0 c:/users/student/appdata/local/arduino15/packages/arduino/tools/avr-gcc/7.3.0-atmel3.6.1-arduino5/bin/../lib/gcc/avr/7.3.0/avrxmega3\libgcc.a(_exit.o)
 .debug_info    0x00017526       0xc0 c:/users/student/appdata/local/arduino15/packages/arduino/tools/avr-gcc/7.3.0-atmel3.6.1-arduino5/bin/../lib/gcc/avr/7.3.0/avrxmega3\libgcc.a(_udivmodsi4.o)
 .debug_info    0x000175e6       0xc0 c:/users/student/appdata/local/arduino15/packages/arduino/tools/avr-gcc/7.3.0-atmel3.6.1-arduino5/bin/../lib/gcc/avr/7.3.0/avrxmega3\libgcc.a(_divmodsi4.o)
 .debug_info    0x000176a6       0xc0 c:/users/student/appdata/local/arduino15/packages/arduino/tools/avr-gcc/7.3.0-atmel3.6.1-arduino5/bin/../lib/gcc/avr/7.3.0/avrxmega3\libgcc.a(_negsi2.o)
 .debug_info    0x00017766       0xc0 c:/users/student/appdata/local/arduino15/packages/arduino/tools/avr-gcc/7.3.0-atmel3.6.1-arduino5/bin/../lib/gcc/avr/7.3.0/avrxmega3\libgcc.a(_copy_data.o)
 .debug_info    0x00017826       0xc0 c:/users/student/appdata/local/arduino15/packages/arduino/tools/avr-gcc/7.3.0-atmel3.6.1-arduino5/bin/../lib/gcc/avr/7.3.0/avrxmega3\libgcc.a(_clear_bss.o)
 .debug_info    0x000178e6       0xc0 c:/users/student/appdata/local/arduino15/packages/arduino/tools/avr-gcc/7.3.0-atmel3.6.1-arduino5/bin/../lib/gcc/avr/7.3.0/avrxmega3\libgcc.a(_muluhisi3.o)
 .debug_info    0x000179a6       0xc0 c:/users/student/appdata/local/arduino15/packages/arduino/tools/avr-gcc/7.3.0-atmel3.6.1-arduino5/bin/../lib/gcc/avr/7.3.0/avrxmega3\libgcc.a(_mulshisi3.o)
 .debug_info    0x00017a66       0xc0 c:/users/student/appdata/local/arduino15/packages/arduino/tools/avr-gcc/7.3.0-atmel3.6.1-arduino5/bin/../lib/gcc/avr/7.3.0/avrxmega3\libgcc.a(_prologue.o)
 .debug_info    0x00017b26       0xc0 c:/users/student/appdata/local/arduino15/packages/arduino/tools/avr-gcc/7.3.0-atmel3.6.1-arduino5/bin/../lib/gcc/avr/7.3.0/avrxmega3\libgcc.a(_epilogue.o)
 .debug_info    0x00017be6       0xc0 c:/users/student/appdata/local/arduino15/packages/arduino/tools/avr-gcc/7.3.0-atmel3.6.1-arduino5/bin/../lib/gcc/avr/7.3.0/avrxmega3\libgcc.a(_umulhisi3.o)
 .debug_info    0x00017ca6       0xc0 c:/users/student/appdata/local/arduino15/packages/arduino/tools/avr-gcc/7.3.0-atmel3.6.1-arduino5/bin/../lib/gcc/avr/7.3.0/avrxmega3\libgcc.a(_udivmodhi4.o)
 .debug_info    0x00017d66       0xc0 c:/users/student/appdata/local/arduino15/packages/arduino/tools/avr-gcc/7.3.0-atmel3.6.1-arduino5/bin/../lib/gcc/avr/7.3.0/avrxmega3\libgcc.a(_divmodhi4.o)
 .debug_info    0x00017e26       0xc0 c:/users/student/appdata/local/arduino15/packages/arduino/tools/avr-gcc/7.3.0-atmel3.6.1-arduino5/bin/../lib/gcc/avr/7.3.0/avrxmega3\libgcc.a(_tablejump2.o)
 .debug_info    0x00017ee6       0xc0 c:/users/student/appdata/local/arduino15/packages/arduino/tools/avr-gcc/7.3.0-atmel3.6.1-arduino5/bin/../lib/gcc/avr/7.3.0/avrxmega3\libgcc.a(_ctors.o)
 .debug_info    0x00017fa6       0xc0 c:/users/student/appdata/local/arduino15/packages/arduino/tools/avr-gcc/7.3.0-atmel3.6.1-arduino5/bin/../lib/gcc/avr/7.3.0/avrxmega3\libgcc.a(_dtors.o)
 .debug_info    0x00018066       0xc0 c:/users/student/appdata/local/arduino15/packages/arduino/tools/avr-gcc/7.3.0-atmel3.6.1-arduino5/bin/../lib/gcc/avr/7.3.0/avrxmega3\libgcc.a(_ashrdi3.o)
 .debug_info    0x00018126       0xc0 c:/users/student/appdata/local/arduino15/packages/arduino/tools/avr-gcc/7.3.0-atmel3.6.1-arduino5/bin/../lib/gcc/avr/7.3.0/avrxmega3\libgcc.a(_adddi3.o)
 .debug_info    0x000181e6       0xc0 c:/users/student/appdata/local/arduino15/packages/arduino/tools/avr-gcc/7.3.0-atmel3.6.1-arduino5/bin/../lib/gcc/avr/7.3.0/avrxmega3\libgcc.a(_cmpdi2.o)
 .debug_info    0x000182a6       0xc0 c:/users/student/appdata/local/arduino15/packages/arduino/tools/avr-gcc/7.3.0-atmel3.6.1-arduino5/bin/../lib/gcc/avr/7.3.0/avrxmega3\libgcc.a(_cmpdi2_s8.o)

.debug_abbrev   0x00000000     0x33f5
 *(.debug_abbrev)
 .debug_abbrev  0x00000000     0x22a8 c:/users/student/appdata/local/arduino15/packages/arduino/tools/avr-gcc/7.3.0-atmel3.6.1-arduino5/bin/../lib/gcc/avr/7.3.0/../../../../avr/lib/avrxmega3/crtatmega4809.o
 .debug_abbrev  0x000022a8      0xfbd C:\Users\Student\AppData\Local\Temp\cc2wOPqg.ltrans0.ltrans.o
 .debug_abbrev  0x00003265       0x14 c:/users/student/appdata/local/arduino15/packages/arduino/tools/avr-gcc/7.3.0-atmel3.6.1-arduino5/bin/../lib/gcc/avr/7.3.0/avrxmega3\libgcc.a(_exit.o)
 .debug_abbrev  0x00003279       0x14 c:/users/student/appdata/local/arduino15/packages/arduino/tools/avr-gcc/7.3.0-atmel3.6.1-arduino5/bin/../lib/gcc/avr/7.3.0/avrxmega3\libgcc.a(_udivmodsi4.o)
 .debug_abbrev  0x0000328d       0x14 c:/users/student/appdata/local/arduino15/packages/arduino/tools/avr-gcc/7.3.0-atmel3.6.1-arduino5/bin/../lib/gcc/avr/7.3.0/avrxmega3\libgcc.a(_divmodsi4.o)
 .debug_abbrev  0x000032a1       0x14 c:/users/student/appdata/local/arduino15/packages/arduino/tools/avr-gcc/7.3.0-atmel3.6.1-arduino5/bin/../lib/gcc/avr/7.3.0/avrxmega3\libgcc.a(_negsi2.o)
 .debug_abbrev  0x000032b5       0x14 c:/users/student/appdata/local/arduino15/packages/arduino/tools/avr-gcc/7.3.0-atmel3.6.1-arduino5/bin/../lib/gcc/avr/7.3.0/avrxmega3\libgcc.a(_copy_data.o)
 .debug_abbrev  0x000032c9       0x14 c:/users/student/appdata/local/arduino15/packages/arduino/tools/avr-gcc/7.3.0-atmel3.6.1-arduino5/bin/../lib/gcc/avr/7.3.0/avrxmega3\libgcc.a(_clear_bss.o)
 .debug_abbrev  0x000032dd       0x14 c:/users/student/appdata/local/arduino15/packages/arduino/tools/avr-gcc/7.3.0-atmel3.6.1-arduino5/bin/../lib/gcc/avr/7.3.0/avrxmega3\libgcc.a(_muluhisi3.o)
 .debug_abbrev  0x000032f1       0x14 c:/users/student/appdata/local/arduino15/packages/arduino/tools/avr-gcc/7.3.0-atmel3.6.1-arduino5/bin/../lib/gcc/avr/7.3.0/avrxmega3\libgcc.a(_mulshisi3.o)
 .debug_abbrev  0x00003305       0x14 c:/users/student/appdata/local/arduino15/packages/arduino/tools/avr-gcc/7.3.0-atmel3.6.1-arduino5/bin/../lib/gcc/avr/7.3.0/avrxmega3\libgcc.a(_prologue.o)
 .debug_abbrev  0x00003319       0x14 c:/users/student/appdata/local/arduino15/packages/arduino/tools/avr-gcc/7.3.0-atmel3.6.1-arduino5/bin/../lib/gcc/avr/7.3.0/avrxmega3\libgcc.a(_epilogue.o)
 .debug_abbrev  0x0000332d       0x14 c:/users/student/appdata/local/arduino15/packages/arduino/tools/avr-gcc/7.3.0-atmel3.6.1-arduino5/bin/../lib/gcc/avr/7.3.0/avrxmega3\libgcc.a(_umulhisi3.o)
 .debug_abbrev  0x00003341       0x14 c:/users/student/appdata/local/arduino15/packages/arduino/tools/avr-gcc/7.3.0-atmel3.6.1-arduino5/bin/../lib/gcc/avr/7.3.0/avrxmega3\libgcc.a(_udivmodhi4.o)
 .debug_abbrev  0x00003355       0x14 c:/users/student/appdata/local/arduino15/packages/arduino/tools/avr-gcc/7.3.0-atmel3.6.1-arduino5/bin/../lib/gcc/avr/7.3.0/avrxmega3\libgcc.a(_divmodhi4.o)
 .debug_abbrev  0x00003369       0x14 c:/users/student/appdata/local/arduino15/packages/arduino/tools/avr-gcc/7.3.0-atmel3.6.1-arduino5/bin/../lib/gcc/avr/7.3.0/avrxmega3\libgcc.a(_tablejump2.o)
 .debug_abbrev  0x0000337d       0x14 c:/users/student/appdata/local/arduino15/packages/arduino/tools/avr-gcc/7.3.0-atmel3.6.1-arduino5/bin/../lib/gcc/avr/7.3.0/avrxmega3\libgcc.a(_ctors.o)
 .debug_abbrev  0x00003391       0x14 c:/users/student/appdata/local/arduino15/packages/arduino/tools/avr-gcc/7.3.0-atmel3.6.1-arduino5/bin/../lib/gcc/avr/7.3.0/avrxmega3\libgcc.a(_dtors.o)
 .debug_abbrev  0x000033a5       0x14 c:/users/student/appdata/local/arduino15/packages/arduino/tools/avr-gcc/7.3.0-atmel3.6.1-arduino5/bin/../lib/gcc/avr/7.3.0/avrxmega3\libgcc.a(_ashrdi3.o)
 .debug_abbrev  0x000033b9       0x14 c:/users/student/appdata/local/arduino15/packages/arduino/tools/avr-gcc/7.3.0-atmel3.6.1-arduino5/bin/../lib/gcc/avr/7.3.0/avrxmega3\libgcc.a(_adddi3.o)
 .debug_abbrev  0x000033cd       0x14 c:/users/student/appdata/local/arduino15/packages/arduino/tools/avr-gcc/7.3.0-atmel3.6.1-arduino5/bin/../lib/gcc/avr/7.3.0/avrxmega3\libgcc.a(_cmpdi2.o)
 .debug_abbrev  0x000033e1       0x14 c:/users/student/appdata/local/arduino15/packages/arduino/tools/avr-gcc/7.3.0-atmel3.6.1-arduino5/bin/../lib/gcc/avr/7.3.0/avrxmega3\libgcc.a(_cmpdi2_s8.o)

.debug_line     0x00000000     0x5b8b
 *(.debug_line .debug_line.* .debug_line_end)
 .debug_line    0x00000000      0x187 c:/users/student/appdata/local/arduino15/packages/arduino/tools/avr-gcc/7.3.0-atmel3.6.1-arduino5/bin/../lib/gcc/avr/7.3.0/../../../../avr/lib/avrxmega3/crtatmega4809.o
 .debug_line    0x00000187     0x4d22 C:\Users\Student\AppData\Local\Temp\cc2wOPqg.ltrans0.ltrans.o
 .debug_line    0x00004ea9       0x62 c:/users/student/appdata/local/arduino15/packages/arduino/tools/avr-gcc/7.3.0-atmel3.6.1-arduino5/bin/../lib/gcc/avr/7.3.0/avrxmega3\libgcc.a(_exit.o)
 .debug_line    0x00004f0b      0x122 c:/users/student/appdata/local/arduino15/packages/arduino/tools/avr-gcc/7.3.0-atmel3.6.1-arduino5/bin/../lib/gcc/avr/7.3.0/avrxmega3\libgcc.a(_udivmodsi4.o)
 .debug_line    0x0000502d       0xce c:/users/student/appdata/local/arduino15/packages/arduino/tools/avr-gcc/7.3.0-atmel3.6.1-arduino5/bin/../lib/gcc/avr/7.3.0/avrxmega3\libgcc.a(_divmodsi4.o)
 .debug_line    0x000050fb       0x62 c:/users/student/appdata/local/arduino15/packages/arduino/tools/avr-gcc/7.3.0-atmel3.6.1-arduino5/bin/../lib/gcc/avr/7.3.0/avrxmega3\libgcc.a(_negsi2.o)
 .debug_line    0x0000515d       0x98 c:/users/student/appdata/local/arduino15/packages/arduino/tools/avr-gcc/7.3.0-atmel3.6.1-arduino5/bin/../lib/gcc/avr/7.3.0/avrxmega3\libgcc.a(_copy_data.o)
 .debug_line    0x000051f5       0x86 c:/users/student/appdata/local/arduino15/packages/arduino/tools/avr-gcc/7.3.0-atmel3.6.1-arduino5/bin/../lib/gcc/avr/7.3.0/avrxmega3\libgcc.a(_clear_bss.o)
 .debug_line    0x0000527b       0x92 c:/users/student/appdata/local/arduino15/packages/arduino/tools/avr-gcc/7.3.0-atmel3.6.1-arduino5/bin/../lib/gcc/avr/7.3.0/avrxmega3\libgcc.a(_muluhisi3.o)
 .debug_line    0x0000530d       0x7a c:/users/student/appdata/local/arduino15/packages/arduino/tools/avr-gcc/7.3.0-atmel3.6.1-arduino5/bin/../lib/gcc/avr/7.3.0/avrxmega3\libgcc.a(_mulshisi3.o)
 .debug_line    0x00005387       0xec c:/users/student/appdata/local/arduino15/packages/arduino/tools/avr-gcc/7.3.0-atmel3.6.1-arduino5/bin/../lib/gcc/avr/7.3.0/avrxmega3\libgcc.a(_prologue.o)
 .debug_line    0x00005473       0xe6 c:/users/student/appdata/local/arduino15/packages/arduino/tools/avr-gcc/7.3.0-atmel3.6.1-arduino5/bin/../lib/gcc/avr/7.3.0/avrxmega3\libgcc.a(_epilogue.o)
 .debug_line    0x00005559       0xb0 c:/users/student/appdata/local/arduino15/packages/arduino/tools/avr-gcc/7.3.0-atmel3.6.1-arduino5/bin/../lib/gcc/avr/7.3.0/avrxmega3\libgcc.a(_umulhisi3.o)
 .debug_line    0x00005609       0xce c:/users/student/appdata/local/arduino15/packages/arduino/tools/avr-gcc/7.3.0-atmel3.6.1-arduino5/bin/../lib/gcc/avr/7.3.0/avrxmega3\libgcc.a(_udivmodhi4.o)
 .debug_line    0x000056d7       0xc8 c:/users/student/appdata/local/arduino15/packages/arduino/tools/avr-gcc/7.3.0-atmel3.6.1-arduino5/bin/../lib/gcc/avr/7.3.0/avrxmega3\libgcc.a(_divmodhi4.o)
 .debug_line    0x0000579f       0x7a c:/users/student/appdata/local/arduino15/packages/arduino/tools/avr-gcc/7.3.0-atmel3.6.1-arduino5/bin/../lib/gcc/avr/7.3.0/avrxmega3\libgcc.a(_tablejump2.o)
 .debug_line    0x00005819       0x92 c:/users/student/appdata/local/arduino15/packages/arduino/tools/avr-gcc/7.3.0-atmel3.6.1-arduino5/bin/../lib/gcc/avr/7.3.0/avrxmega3\libgcc.a(_ctors.o)
 .debug_line    0x000058ab       0x92 c:/users/student/appdata/local/arduino15/packages/arduino/tools/avr-gcc/7.3.0-atmel3.6.1-arduino5/bin/../lib/gcc/avr/7.3.0/avrxmega3\libgcc.a(_dtors.o)
 .debug_line    0x0000593d      0x104 c:/users/student/appdata/local/arduino15/packages/arduino/tools/avr-gcc/7.3.0-atmel3.6.1-arduino5/bin/../lib/gcc/avr/7.3.0/avrxmega3\libgcc.a(_ashrdi3.o)
 .debug_line    0x00005a41       0x68 c:/users/student/appdata/local/arduino15/packages/arduino/tools/avr-gcc/7.3.0-atmel3.6.1-arduino5/bin/../lib/gcc/avr/7.3.0/avrxmega3\libgcc.a(_adddi3.o)
 .debug_line    0x00005aa9       0x68 c:/users/student/appdata/local/arduino15/packages/arduino/tools/avr-gcc/7.3.0-atmel3.6.1-arduino5/bin/../lib/gcc/avr/7.3.0/avrxmega3\libgcc.a(_cmpdi2.o)
 .debug_line    0x00005b11       0x7a c:/users/student/appdata/local/arduino15/packages/arduino/tools/avr-gcc/7.3.0-atmel3.6.1-arduino5/bin/../lib/gcc/avr/7.3.0/avrxmega3\libgcc.a(_cmpdi2_s8.o)

.debug_frame    0x00000000     0x1db0
 *(.debug_frame)
 .debug_frame   0x00000000     0x1db0 C:\Users\Student\AppData\Local\Temp\cc2wOPqg.ltrans0.ltrans.o

.debug_str      0x00000000     0x45df
 *(.debug_str)
 .debug_str     0x00000000      0xf8b c:/users/student/appdata/local/arduino15/packages/arduino/tools/avr-gcc/7.3.0-atmel3.6.1-arduino5/bin/../lib/gcc/avr/7.3.0/../../../../avr/lib/avrxmega3/crtatmega4809.o
 .debug_str     0x00000f8b     0x3654 C:\Users\Student\AppData\Local\Temp\cc2wOPqg.ltrans0.ltrans.o
                               0x39e1 (size before relaxing)

.debug_loc      0x00000000     0xc779
 *(.debug_loc)
 .debug_loc     0x00000000     0xc779 C:\Users\Student\AppData\Local\Temp\cc2wOPqg.ltrans0.ltrans.o

.debug_macinfo
 *(.debug_macinfo)

.debug_weaknames
 *(.debug_weaknames)

.debug_funcnames
 *(.debug_funcnames)

.debug_typenames
 *(.debug_typenames)

.debug_varnames
 *(.debug_varnames)

.debug_pubtypes
 *(.debug_pubtypes)

.debug_ranges   0x00000000      0xc20
 *(.debug_ranges)
 .debug_ranges  0x00000000      0xc20 C:\Users\Student\AppData\Local\Temp\cc2wOPqg.ltrans0.ltrans.o

.debug_macro
 *(.debug_macro)
OUTPUT(C:\Users\Student\Documents\1 Uni Year 3\temperature_checker\IoT_temperature_checker\arduino\build/arduino.ino.elf elf32-avr)
LOAD linker stubs
