Archive member included to satisfy reference by file (symbol)

C:\Users\Student\Documents\1 Uni Year 3\temperature_checker\IoT_temperature_checker\arduino\build/..\..\..\..\..\..\AppData\Local\Temp\arduino\cores\arduino_megaavr_uno2018_mode_on_b4b2a5711bed9c90ce8027a7c72511d6\core.a(UART.cpp.o)
                              C:\Users\Student\Documents\1 Uni Year 3\temperature_checker\IoT_temperature_checker\arduino\build\sketch\arduino.ino.cpp.o (symbol from plugin) (_ZN9UartClass9availableEv)
C:\Users\Student\Documents\1 Uni Year 3\temperature_checker\IoT_temperature_checker\arduino\build/..\..\..\..\..\..\AppData\Local\Temp\arduino\cores\arduino_megaavr_uno2018_mode_on_b4b2a5711bed9c90ce8027a7c72511d6\core.a(UART0.cpp.o)
                              C:\Users\Student\Documents\1 Uni Year 3\temperature_checker\IoT_temperature_checker\arduino\build\sketch\arduino.ino.cpp.o (symbol from plugin) (Serial)
C:\Users\Student\Documents\1 Uni Year 3\temperature_checker\IoT_temperature_checker\arduino\build/..\..\..\..\..\..\AppData\Local\Temp\arduino\cores\arduino_megaavr_uno2018_mode_on_b4b2a5711bed9c90ce8027a7c72511d6\core.a(WMath.cpp.o)
                              C:\Users\Student\Documents\1 Uni Year 3\temperature_checker\IoT_temperature_checker\arduino\build\libraries\ArduinoHttpClient\WebSocketClient.cpp.o (symbol from plugin) (_Z6randoml)
C:\Users\Student\Documents\1 Uni Year 3\temperature_checker\IoT_temperature_checker\arduino\build/..\..\..\..\..\..\AppData\Local\Temp\arduino\cores\arduino_megaavr_uno2018_mode_on_b4b2a5711bed9c90ce8027a7c72511d6\core.a(abi.cpp.o)
                              C:\Users\Student\Documents\1 Uni Year 3\temperature_checker\IoT_temperature_checker\arduino\build\libraries\WiFiNINA\WiFiServer.cpp.o (symbol from plugin) (__cxa_pure_virtual)
C:\Users\Student\Documents\1 Uni Year 3\temperature_checker\IoT_temperature_checker\arduino\build/..\..\..\..\..\..\AppData\Local\Temp\arduino\cores\arduino_megaavr_uno2018_mode_on_b4b2a5711bed9c90ce8027a7c72511d6\core.a(IPAddress.cpp.o)
                              C:\Users\Student\Documents\1 Uni Year 3\temperature_checker\IoT_temperature_checker\arduino\build\sketch\arduino.ino.cpp.o (symbol from plugin) (_ZTVN7arduino9IPAddressE)
C:\Users\Student\Documents\1 Uni Year 3\temperature_checker\IoT_temperature_checker\arduino\build/..\..\..\..\..\..\AppData\Local\Temp\arduino\cores\arduino_megaavr_uno2018_mode_on_b4b2a5711bed9c90ce8027a7c72511d6\core.a(Print.cpp.o)
                              C:\Users\Student\Documents\1 Uni Year 3\temperature_checker\IoT_temperature_checker\arduino\build\libraries\Grove_-_LCD_RGB_Backlight\rgb_lcd.cpp.o (symbol from plugin) (_ZN7arduino5Print5writeEPKhj)
C:\Users\Student\Documents\1 Uni Year 3\temperature_checker\IoT_temperature_checker\arduino\build/..\..\..\..\..\..\AppData\Local\Temp\arduino\cores\arduino_megaavr_uno2018_mode_on_b4b2a5711bed9c90ce8027a7c72511d6\core.a(Stream.cpp.o)
                              C:\Users\Student\Documents\1 Uni Year 3\temperature_checker\IoT_temperature_checker\arduino\build\libraries\ArduinoHttpClient\HttpClient.cpp.o (symbol from plugin) (_ZN7arduino6Stream9timedReadEv)
C:\Users\Student\Documents\1 Uni Year 3\temperature_checker\IoT_temperature_checker\arduino\build/..\..\..\..\..\..\AppData\Local\Temp\arduino\cores\arduino_megaavr_uno2018_mode_on_b4b2a5711bed9c90ce8027a7c72511d6\core.a(String.cpp.o)
                              C:\Users\Student\Documents\1 Uni Year 3\temperature_checker\IoT_temperature_checker\arduino\build\libraries\ArduinoHttpClient\HttpClient.cpp.o (symbol from plugin) (_ZN7arduino6StringC1EOS0_)
C:\Users\Student\Documents\1 Uni Year 3\temperature_checker\IoT_temperature_checker\arduino\build/..\..\..\..\..\..\AppData\Local\Temp\arduino\cores\arduino_megaavr_uno2018_mode_on_b4b2a5711bed9c90ce8027a7c72511d6\core.a(hooks.c.o)
                              C:\Users\Student\Documents\1 Uni Year 3\temperature_checker\IoT_temperature_checker\arduino\build\libraries\ArduinoMqttClient\MqttClient.cpp.o (symbol from plugin) (yield)
C:\Users\Student\Documents\1 Uni Year 3\temperature_checker\IoT_temperature_checker\arduino\build/..\..\..\..\..\..\AppData\Local\Temp\arduino\cores\arduino_megaavr_uno2018_mode_on_b4b2a5711bed9c90ce8027a7c72511d6\core.a(main.cpp.o)
                              c:/users/student/appdata/local/arduino15/packages/arduino/tools/avr-gcc/7.3.0-atmel3.6.1-arduino5/bin/../lib/gcc/avr/7.3.0/../../../../avr/lib/avrxmega3/crtatmega4809.o (main)
C:\Users\Student\Documents\1 Uni Year 3\temperature_checker\IoT_temperature_checker\arduino\build/..\..\..\..\..\..\AppData\Local\Temp\arduino\cores\arduino_megaavr_uno2018_mode_on_b4b2a5711bed9c90ce8027a7c72511d6\core.a(new.cpp.o)
                              C:\Users\Student\Documents\1 Uni Year 3\temperature_checker\IoT_temperature_checker\arduino\build\libraries\ArduinoHttpClient\URLEncoder.cpp.o (symbol from plugin) (_ZdlPv)
[...]
Memory Configuration

Name             Origin             Length             Attributes
text             0x00000000         0x00100000         xr
data             0x00802000         0x0000ffa0         rw !x
eeprom           0x00810000         0x00010000         rw !x
fuse             0x00820000         0x00000009         rw !x
lock             0x00830000         0x00000400         rw !x
signature        0x00840000         0x00000400         rw !x
user_signatures  0x00850000         0x00000400         rw !x
*default*        0x00000000         0xffffffff

Linker script and memory map

Address of section .data set to 0x802800
                0x00004000                __RODATA_PM_OFFSET__ = 0x4000
LOAD c:/users/student/appdata/local/arduino15/packages/arduino/tools/avr-gcc/7.3.0-atmel3.6.1-arduino5/bin/../lib/gcc/avr/7.3.0/../../../../avr/lib/avrxmega3/crtatmega4809.o
Address of section .text set to 0x200
LOAD C:\Users\Student\Documents\1 Uni Year 3\temperature_checker\IoT_temperature_checker\arduino\build\sketch\arduino.ino.cpp.o
LOAD C:\Users\Student\AppData\Local\Temp\ccqhUZE3.ltrans0.ltrans.o
LOAD C:\Users\Student\Documents\1 Uni Year 3\temperature_checker\IoT_temperature_checker\arduino\build\libraries\ArduinoHttpClient\HttpClient.cpp.o
LOAD C:\Users\Student\Documents\1 Uni Year 3\temperature_checker\IoT_temperature_checker\arduino\build\libraries\ArduinoHttpClient\URLEncoder.cpp.o
LOAD C:\Users\Student\Documents\1 Uni Year 3\temperature_checker\IoT_temperature_checker\arduino\build\libraries\ArduinoHttpClient\WebSocketClient.cpp.o
LOAD C:\Users\Student\Documents\1 Uni Year 3\temperature_checker\IoT_temperature_checker\arduino\build\libraries\ArduinoHttpClient\b64.cpp.o
LOAD C:\Users\Student\Documents\1 Uni Year 3\temperature_checker\IoT_temperature_checker\arduino\build\libraries\EasyNTPClient\EasyNTPClient.cpp.o
LOAD C:\Users\Student\Documents\1 Uni Year 3\temperature_checker\IoT_temperature_checker\arduino\build\libraries\Time\DateStrings.cpp.o
LOAD C:\Users\Student\Documents\1 Uni Year 3\temperature_checker\IoT_temperature_checker\arduino\build\libraries\Time\Time.cpp.o
LOAD C:\Users\Student\Documents\1 Uni Year 3\temperature_checker\IoT_temperature_checker\arduino\build\libraries\ArduinoMqttClient\MqttClient.cpp.o
LOAD C:\Users\Student\Documents\1 Uni Year 3\temperature_checker\IoT_temperature_checker\arduino\build\libraries\Grove_-_LCD_RGB_Backlight\rgb_lcd.cpp.o
LOAD C:\Users\Student\Documents\1 Uni Year 3\temperature_checker\IoT_temperature_checker\arduino\build\libraries\SimpleTimer\SimpleTimer.cpp.o
LOAD C:\Users\Student\Documents\1 Uni Year 3\temperature_checker\IoT_temperature_checker\arduino\build\libraries\WiFiNINA\WiFi.cpp.o
LOAD C:\Users\Student\Documents\1 Uni Year 3\temperature_checker\IoT_temperature_checker\arduino\build\libraries\WiFiNINA\WiFiClient.cpp.o
LOAD C:\Users\Student\Documents\1 Uni Year 3\temperature_checker\IoT_temperature_checker\arduino\build\libraries\WiFiNINA\WiFiSSLClient.cpp.o
LOAD C:\Users\Student\Documents\1 Uni Year 3\temperature_checker\IoT_temperature_checker\arduino\build\libraries\WiFiNINA\WiFiServer.cpp.o
LOAD C:\Users\Student\Documents\1 Uni Year 3\temperature_checker\IoT_temperature_checker\arduino\build\libraries\WiFiNINA\WiFiStorage.cpp.o
LOAD C:\Users\Student\Documents\1 Uni Year 3\temperature_checker\IoT_temperature_checker\arduino\build\libraries\WiFiNINA\WiFiUdp.cpp.o
LOAD C:\Users\Student\Documents\1 Uni Year 3\temperature_checker\IoT_temperature_checker\arduino\build\libraries\WiFiNINA\utility\WiFiSocketBuffer.cpp.o
LOAD C:\Users\Student\Documents\1 Uni Year 3\temperature_checker\IoT_temperature_checker\arduino\build\libraries\WiFiNINA\utility\nano_rp2040_support.cpp.o
LOAD C:\Users\Student\Documents\1 Uni Year 3\temperature_checker\IoT_temperature_checker\arduino\build\libraries\WiFiNINA\utility\server_drv.cpp.o
LOAD C:\Users\Student\Documents\1 Uni Year 3\temperature_checker\IoT_temperature_checker\arduino\build\libraries\WiFiNINA\utility\spi_drv.cpp.o
LOAD C:\Users\Student\Documents\1 Uni Year 3\temperature_checker\IoT_temperature_checker\arduino\build\libraries\WiFiNINA\utility\wifi_drv.cpp.o
LOAD C:\Users\Student\Documents\1 Uni Year 3\temperature_checker\IoT_temperature_checker\arduino\build\libraries\Wire\Wire.cpp.o
LOAD C:\Users\Student\Documents\1 Uni Year 3\temperature_checker\IoT_temperature_checker\arduino\build\libraries\Wire\utility\twi.c.o
LOAD C:\Users\Student\Documents\1 Uni Year 3\temperature_checker\IoT_temperature_checker\arduino\build\libraries\SPI\SPI.cpp.o
LOAD C:\Users\Student\Documents\1 Uni Year 3\temperature_checker\IoT_temperature_checker\arduino\build\core\variant.c.o
LOAD C:\Users\Student\Documents\1 Uni Year 3\temperature_checker\IoT_temperature_checker\arduino\build/..\..\..\..\..\..\AppData\Local\Temp\arduino\cores\arduino_megaavr_uno2018_mode_on_b4b2a5711bed9c90ce8027a7c72511d6\core.a
LOAD c:/users/student/appdata/local/arduino15/packages/arduino/tools/avr-gcc/7.3.0-atmel3.6.1-arduino5/bin/../lib/gcc/avr/7.3.0/../../../../avr/lib/avrxmega3\libm.a
START GROUP
LOAD c:/users/student/appdata/local/arduino15/packages/arduino/tools/avr-gcc/7.3.0-atmel3.6.1-arduino5/bin/../lib/gcc/avr/7.3.0/avrxmega3\libgcc.a
LOAD c:/users/student/appdata/local/arduino15/packages/arduino/tools/avr-gcc/7.3.0-atmel3.6.1-arduino5/bin/../lib/gcc/avr/7.3.0/../../../../avr/lib/avrxmega3\libm.a
LOAD c:/users/student/appdata/local/arduino15/packages/arduino/tools/avr-gcc/7.3.0-atmel3.6.1-arduino5/bin/../lib/gcc/avr/7.3.0/../../../../avr/lib/avrxmega3\libc.a
LOAD c:/users/student/appdata/local/arduino15/packages/arduino/tools/avr-gcc/7.3.0-atmel3.6.1-arduino5/bin/../lib/gcc/avr/7.3.0/../../../../avr/lib/avrxmega3\libatmega4809.a
END GROUP
                0x00100000                __TEXT_REGION_LENGTH__ = DEFINED (__TEXT_REGION_LENGTH__)?__TEXT_REGION_LENGTH__:0x100000
                0x0000ffa0                __DATA_REGION_LENGTH__ = DEFINED (__DATA_REGION_LENGTH__)?__DATA_REGION_LENGTH__:0xffa0
                0x00010000                __EEPROM_REGION_LENGTH__ = DEFINED (__EEPROM_REGION_LENGTH__)?__EEPROM_REGION_LENGTH__:0x10000
                [0x00000009]                __FUSE_REGION_LENGTH__ = DEFINED (__FUSE_REGION_LENGTH__)?__FUSE_REGION_LENGTH__:0x400
                0x00000400                __LOCK_REGION_LENGTH__ = DEFINED (__LOCK_REGION_LENGTH__)?__LOCK_REGION_LENGTH__:0x400
                0x00000400                __SIGNATURE_REGION_LENGTH__ = DEFINED (__SIGNATURE_REGION_LENGTH__)?__SIGNATURE_REGION_LENGTH__:0x400
                0x00000400                __USER_SIGNATURE_REGION_LENGTH__ = DEFINED (__USER_SIGNATURE_REGION_LENGTH__)?__USER_SIGNATURE_REGION_LENGTH__:0x400
                0x00008000                __RODATA_PM_OFFSET__ = DEFINED (__RODATA_PM_OFFSET__)?__RODATA_PM_OFFSET__:0x8000

.hash
 *(.hash)

.dynsym
 *(.dynsym)

.dynstr
 *(.dynstr)

.gnu.version
 *(.gnu.version)

.gnu.version_d
 *(.gnu.version_d)

.gnu.version_r
 *(.gnu.version_r)

.rel.init
 *(.rel.init)

.rela.init
 *(.rela.init)

.rel.text
 *(.rel.text)
 *(.rel.text.*)
 *(.rel.gnu.linkonce.t*)

.rela.text
 *(.rela.text)
 *(.rela.text.*)
 *(.rela.gnu.linkonce.t*)

.rel.fini
 *(.rel.fini)

.rela.fini
 *(.rela.fini)

.rel.rodata
 *(.rel.rodata)
 *(.rel.rodata.*)
 *(.rel.gnu.linkonce.r*)

.rela.rodata
 *(.rela.rodata)
 *(.rela.rodata.*)
 *(.rela.gnu.linkonce.r*)

.rel.data
 *(.rel.data)
 *(.rel.data.*)
 *(.rel.gnu.linkonce.d*)

.rela.data
 *(.rela.data)
 *(.rela.data.*)
 *(.rela.gnu.linkonce.d*)

.rel.ctors
 *(.rel.ctors)

.rela.ctors
 *(.rela.ctors)

.rel.dtors
 *(.rel.dtors)

.rela.dtors
 *(.rela.dtors)

.rel.got
 *(.rel.got)

.rela.got
 *(.rela.got)

.rel.bss
 *(.rel.bss)

.rela.bss
 *(.rela.bss)

.rel.plt
 *(.rel.plt)

.rela.plt
 *(.rela.plt)

.text           0x00000200     0x809c
 *(.vectors)
 .vectors       0x00000200       0xa0 c:/users/student/appdata/local/arduino15/packages/arduino/tools/avr-gcc/7.3.0-atmel3.6.1-arduino5/bin/../lib/gcc/avr/7.3.0/../../../../avr/lib/avrxmega3/crtatmega4809.o
                0x00000200                __vector_default
                0x00000200                __vectors
 *(.vectors)
 *(.progmem.gcc*)
 .progmem.gcc_fplib
                0x000002a0       0x5a c:/users/student/appdata/local/arduino15/packages/arduino/tools/avr-gcc/7.3.0-atmel3.6.1-arduino5/bin/../lib/gcc/avr/7.3.0/../../../../avr/lib/avrxmega3\libm.a(log.o)
                0x000002fa                . = ALIGN (0x2)
                0x000002fa                __trampolines_start = .
 *(.trampolines)
 .trampolines   0x000002fa        0x0 linker stubs
 *(.trampolines*)
                0x000002fa                __trampolines_end = .
 *libprintf_flt.a:*(.progmem.data)
 *libc.a:*(.progmem.data)
 *(.progmem*)
                0x000002fa                . = ALIGN (0x2)
 *(.jumptables)
 *(.jumptables*)
 *(.lowtext)
 *(.lowtext*)
                0x000002fa                __ctors_start = .
 *(.ctors)
 .ctors         0x000002fa        0x2 C:\Users\Student\AppData\Local\Temp\ccqhUZE3.ltrans0.ltrans.o
                0x000002fc                __ctors_end = .
                0x000002fc                __dtors_start = .
 *(.dtors)
 .dtors         0x000002fc        0x2 C:\Users\Student\AppData\Local\Temp\ccqhUZE3.ltrans0.ltrans.o
                0x000002fe                __dtors_end = .
 SORT(*)(.ctors)
 SORT(*)(.dtors)
 *(.init0)
 .init0         0x000002fe        0x0 c:/users/student/appdata/local/arduino15/packages/arduino/tools/avr-gcc/7.3.0-atmel3.6.1-arduino5/bin/../lib/gcc/avr/7.3.0/../../../../avr/lib/avrxmega3/crtatmega4809.o
                0x000002fe                __init
 *(.init0)
 *(.init1)
 *(.init1)
 *(.init2)
 .init2         0x000002fe        0xc c:/users/student/appdata/local/arduino15/packages/arduino/tools/avr-gcc/7.3.0-atmel3.6.1-arduino5/bin/../lib/gcc/avr/7.3.0/../../../../avr/lib/avrxmega3/crtatmega4809.o
 *(.init2)
 *(.init3)
 *(.init3)
 *(.init4)
 .init4         0x0000030a       0x16 c:/users/student/appdata/local/arduino15/packages/arduino/tools/avr-gcc/7.3.0-atmel3.6.1-arduino5/bin/../lib/gcc/avr/7.3.0/avrxmega3\libgcc.a(_copy_data.o)
                0x0000030a                __do_copy_data
 .init4         0x00000320       0x10 c:/users/student/appdata/local/arduino15/packages/arduino/tools/avr-gcc/7.3.0-atmel3.6.1-arduino5/bin/../lib/gcc/avr/7.3.0/avrxmega3\libgcc.a(_clear_bss.o)
                0x00000320                __do_clear_bss
 *(.init4)
 *(.init5)
 *(.init5)
 *(.init6)
 .init6         0x00000330       0x16 c:/users/student/appdata/local/arduino15/packages/arduino/tools/avr-gcc/7.3.0-atmel3.6.1-arduino5/bin/../lib/gcc/avr/7.3.0/avrxmega3\libgcc.a(_ctors.o)
                0x00000330                __do_global_ctors
 *(.init6)
 *(.init7)
 *(.init7)
 *(.init8)
 *(.init8)
 *(.init9)
 .init9         0x00000346        0x8 c:/users/student/appdata/local/arduino15/packages/arduino/tools/avr-gcc/7.3.0-atmel3.6.1-arduino5/bin/../lib/gcc/avr/7.3.0/../../../../avr/lib/avrxmega3/crtatmega4809.o
 *(.init9)
 *(.text)
 .text          0x0000034e        0x4 c:/users/student/appdata/local/arduino15/packages/arduino/tools/avr-gcc/7.3.0-atmel3.6.1-arduino5/bin/../lib/gcc/avr/7.3.0/../../../../avr/lib/avrxmega3/crtatmega4809.o
                0x0000034e                __vector_22
                0x0000034e                __vector_28
                0x0000034e                __vector_1
                0x0000034e                __vector_32
                0x0000034e                __vector_34
                0x0000034e                __vector_24
                0x0000034e                __vector_12
                0x0000034e                __bad_interrupt
                0x0000034e                __vector_6
                0x0000034e                __vector_31
                0x0000034e                __vector_35
                0x0000034e                __vector_39
                0x0000034e                __vector_3
                0x0000034e                __vector_23
                0x0000034e                __vector_30
                0x0000034e                __vector_25
                0x0000034e                __vector_11
                0x0000034e                __vector_13
                0x0000034e                __vector_17
                0x0000034e                __vector_19
                0x0000034e                __vector_7
                0x0000034e                __vector_27
                0x0000034e                __vector_5
                0x0000034e                __vector_33
                0x0000034e                __vector_4
                0x0000034e                __vector_9
                0x0000034e                __vector_2
                0x0000034e                __vector_21
                0x0000034e                __vector_29
                0x0000034e                __vector_8
                0x0000034e                __vector_26
                0x0000034e                __vector_10
                0x0000034e                __vector_16
                0x0000034e                __vector_18
                0x0000034e                __vector_20
 .text          0x00000352     0x5922 C:\Users\Student\AppData\Local\Temp\ccqhUZE3.ltrans0.ltrans.o
                0x000057ec                __vector_36
                0x000058b4                __vector_38
                0x00005900                __vector_37
                0x00005992                __vector_14
                0x00005af4                __vector_15
                0x00005c74                . = ALIGN (0x2)
 *(.text.*)
 .text.exit     0x00005c74       0x38 C:\Users\Student\AppData\Local\Temp\ccqhUZE3.ltrans0.ltrans.o
 .text.startup  0x00005cac     0x1212 C:\Users\Student\AppData\Local\Temp\ccqhUZE3.ltrans0.ltrans.o
                0x00006036                main
 .text.avr-libc
                0x00006ebe      0x22e c:/users/student/appdata/local/arduino15/packages/arduino/tools/avr-gcc/7.3.0-atmel3.6.1-arduino5/bin/../lib/gcc/avr/7.3.0/../../../../avr/lib/avrxmega3\libc.a(strtol.o)
                0x00006ebe                strtol
 .text.avr-libc
                0x000070ec       0x12 c:/users/student/appdata/local/arduino15/packages/arduino/tools/avr-gcc/7.3.0-atmel3.6.1-arduino5/bin/../lib/gcc/avr/7.3.0/../../../../avr/lib/avrxmega3\libc.a(isspace.o)
                0x000070ec                isspace
 .text.avr-libc
                0x000070fe        0x6 c:/users/student/appdata/local/arduino15/packages/arduino/tools/avr-gcc/7.3.0-atmel3.6.1-arduino5/bin/../lib/gcc/avr/7.3.0/../../../../avr/lib/avrxmega3\libc.a(cty_isfalse.o)
                0x000070fe                __ctype_isfalse
                0x00007102                __ctype_istrue
 .text.avr-libc.fplib
                0x00007104        0xa c:/users/student/appdata/local/arduino15/packages/arduino/tools/avr-gcc/7.3.0-atmel3.6.1-arduino5/bin/../lib/gcc/avr/7.3.0/../../../../avr/lib/avrxmega3\libc.a(cmpsf2.o)
                0x00007104                __nesf2
                0x00007104                __eqsf2
                0x00007104                __cmpsf2
                0x00007104                __ltsf2
                0x00007104                __lesf2
 .text.avr-libc.fplib
                0x0000710e       0x7a c:/users/student/appdata/local/arduino15/packages/arduino/tools/avr-gcc/7.3.0-atmel3.6.1-arduino5/bin/../lib/gcc/avr/7.3.0/../../../../avr/lib/avrxmega3\libc.a(floatsisf.o)
                0x0000710e                __floatunsisf
                0x00007112                __floatsisf
 .text.avr-libc.fplib
                0x00007188       0x48 c:/users/student/appdata/local/arduino15/packages/arduino/tools/avr-gcc/7.3.0-atmel3.6.1-arduino5/bin/../lib/gcc/avr/7.3.0/../../../../avr/lib/avrxmega3\libc.a(fp_cmp.o)
                0x00007188                __fp_cmp
 .text.avr-libc.fplib
                0x000071d0        0x8 c:/users/student/appdata/local/arduino15/packages/arduino/tools/avr-gcc/7.3.0-atmel3.6.1-arduino5/bin/../lib/gcc/avr/7.3.0/../../../../avr/lib/avrxmega3\libc.a(mulsf3.o)
                0x000071d0                __mulsf3
 .text.avr-libc.fplib
                0x000071d8       0xd2 c:/users/student/appdata/local/arduino15/packages/arduino/tools/avr-gcc/7.3.0-atmel3.6.1-arduino5/bin/../lib/gcc/avr/7.3.0/../../../../avr/lib/avrxmega3\libc.a(mulsf3x.o)
                0x000071f6                __mulsf3x
                0x000071fc                __mulsf3_pse
 .text.avr-libc.fplib
                0x000072aa        0xc c:/users/student/appdata/local/arduino15/packages/arduino/tools/avr-gcc/7.3.0-atmel3.6.1-arduino5/bin/../lib/gcc/avr/7.3.0/../../../../avr/lib/avrxmega3\libc.a(fp_inf.o)
                0x000072aa                __fp_inf
 .text.avr-libc.fplib
                0x000072b6        0x6 c:/users/student/appdata/local/arduino15/packages/arduino/tools/avr-gcc/7.3.0-atmel3.6.1-arduino5/bin/../lib/gcc/avr/7.3.0/../../../../avr/lib/avrxmega3\libc.a(fp_nan.o)
                0x000072b6                __fp_nan
 .text.avr-libc.fplib
                0x000072bc        0xe c:/users/student/appdata/local/arduino15/packages/arduino/tools/avr-gcc/7.3.0-atmel3.6.1-arduino5/bin/../lib/gcc/avr/7.3.0/../../../../avr/lib/avrxmega3\libc.a(fp_pscA.o)
                0x000072bc                __fp_pscA
 .text.avr-libc.fplib
                0x000072ca        0xe c:/users/student/appdata/local/arduino15/packages/arduino/tools/avr-gcc/7.3.0-atmel3.6.1-arduino5/bin/../lib/gcc/avr/7.3.0/../../../../avr/lib/avrxmega3\libc.a(fp_pscB.o)
                0x000072ca                __fp_pscB
 .text.avr-libc.fplib
                0x000072d8       0x22 c:/users/student/appdata/local/arduino15/packages/arduino/tools/avr-gcc/7.3.0-atmel3.6.1-arduino5/bin/../lib/gcc/avr/7.3.0/../../../../avr/lib/avrxmega3\libc.a(fp_round.o)
                0x000072d8                __fp_round
 .text.avr-libc.fplib
                0x000072fa       0x44 c:/users/student/appdata/local/arduino15/packages/arduino/tools/avr-gcc/7.3.0-atmel3.6.1-arduino5/bin/../lib/gcc/avr/7.3.0/../../../../avr/lib/avrxmega3\libc.a(fp_split3.o)
                0x000072fa                __fp_split3
                0x0000730a                __fp_splitA
 .text.avr-libc.fplib
                0x0000733e        0xe c:/users/student/appdata/local/arduino15/packages/arduino/tools/avr-gcc/7.3.0-atmel3.6.1-arduino5/bin/../lib/gcc/avr/7.3.0/../../../../avr/lib/avrxmega3\libc.a(fp_zero.o)
                0x0000733e                __fp_zero
                0x00007340                __fp_szero
 .text.libgcc.mul
                0x0000734c       0x20 c:/users/student/appdata/local/arduino15/packages/arduino/tools/avr-gcc/7.3.0-atmel3.6.1-arduino5/bin/../lib/gcc/avr/7.3.0/avrxmega3\libgcc.a(_mulsi3.o)
                0x0000734c                __mulsi3
 .text.libgcc.div
                0x0000736c       0x44 c:/users/student/appdata/local/arduino15/packages/arduino/tools/avr-gcc/7.3.0-atmel3.6.1-arduino5/bin/../lib/gcc/avr/7.3.0/avrxmega3\libgcc.a(_udivmodsi4.o)
                0x0000736c                __udivmodsi4
 .text.libgcc.div
                0x000073b0       0x2e c:/users/student/appdata/local/arduino15/packages/arduino/tools/avr-gcc/7.3.0-atmel3.6.1-arduino5/bin/../lib/gcc/avr/7.3.0/avrxmega3\libgcc.a(_divmodsi4.o)
                0x000073b0                __divmodsi4
 .text.libgcc.div
                0x000073de       0x10 c:/users/student/appdata/local/arduino15/packages/arduino/tools/avr-gcc/7.3.0-atmel3.6.1-arduino5/bin/../lib/gcc/avr/7.3.0/avrxmega3\libgcc.a(_negsi2.o)
                0x000073de                __negsi2
 .text.libgcc.mul
                0x000073ee       0x16 c:/users/student/appdata/local/arduino15/packages/arduino/tools/avr-gcc/7.3.0-atmel3.6.1-arduino5/bin/../lib/gcc/avr/7.3.0/avrxmega3\libgcc.a(_muluhisi3.o)
                0x000073ee                __muluhisi3
 .text.libgcc.mul
                0x00007404       0x10 c:/users/student/appdata/local/arduino15/packages/arduino/tools/avr-gcc/7.3.0-atmel3.6.1-arduino5/bin/../lib/gcc/avr/7.3.0/avrxmega3\libgcc.a(_mulshisi3.o)
                0x00007404                __mulshisi3
                0x0000740a                __mulohisi3
 .text.libgcc.prologue
                0x00007414       0x32 c:/users/student/appdata/local/arduino15/packages/arduino/tools/avr-gcc/7.3.0-atmel3.6.1-arduino5/bin/../lib/gcc/avr/7.3.0/avrxmega3\libgcc.a(_prologue.o)
                0x00007414                __prologue_saves__
 .text.libgcc.prologue
                0x00007446       0x30 c:/users/student/appdata/local/arduino15/packages/arduino/tools/avr-gcc/7.3.0-atmel3.6.1-arduino5/bin/../lib/gcc/avr/7.3.0/avrxmega3\libgcc.a(_epilogue.o)
                0x00007446                __epilogue_restores__
 .text.libgcc.mul
                0x00007476       0x1e c:/users/student/appdata/local/arduino15/packages/arduino/tools/avr-gcc/7.3.0-atmel3.6.1-arduino5/bin/../lib/gcc/avr/7.3.0/avrxmega3\libgcc.a(_umulhisi3.o)
                0x00007476                __umulhisi3
 .text.avr-libc.fplib
                0x00007494        0xe c:/users/student/appdata/local/arduino15/packages/arduino/tools/avr-gcc/7.3.0-atmel3.6.1-arduino5/bin/../lib/gcc/avr/7.3.0/../../../../avr/lib/avrxmega3\libm.a(addsf3.o)
                0x00007494                __subsf3
                0x00007496                __addsf3
 .text.avr-libc.fplib
                0x000074a2       0xcc c:/users/student/appdata/local/arduino15/packages/arduino/tools/avr-gcc/7.3.0-atmel3.6.1-arduino5/bin/../lib/gcc/avr/7.3.0/../../../../avr/lib/avrxmega3\libm.a(addsf3x.o)
                0x000074c4                __addsf3x
 .text.avr-libc.fplib
                0x0000756e        0x8 c:/users/student/appdata/local/arduino15/packages/arduino/tools/avr-gcc/7.3.0-atmel3.6.1-arduino5/bin/../lib/gcc/avr/7.3.0/../../../../avr/lib/avrxmega3\libm.a(divsf3.o)
                0x0000756e                __divsf3
 .text.avr-libc.fplib
                0x00007576       0xdc c:/users/student/appdata/local/arduino15/packages/arduino/tools/avr-gcc/7.3.0-atmel3.6.1-arduino5/bin/../lib/gcc/avr/7.3.0/../../../../avr/lib/avrxmega3\libm.a(divsf3x.o)
                0x00007596                __divsf3x
                0x0000759c                __divsf3_pse
 .text.avr-libc.fplib
                0x00007652        0xe c:/users/student/appdata/local/arduino15/packages/arduino/tools/avr-gcc/7.3.0-atmel3.6.1-arduino5/bin/../lib/gcc/avr/7.3.0/../../../../avr/lib/avrxmega3\libm.a(fixsfsi.o)
                0x00007652                __fixsfsi
 .text.avr-libc.fplib
                0x00007660       0x5e c:/users/student/appdata/local/arduino15/packages/arduino/tools/avr-gcc/7.3.0-atmel3.6.1-arduino5/bin/../lib/gcc/avr/7.3.0/../../../../avr/lib/avrxmega3\libm.a(fixunssfsi.o)
                0x00007660                __fixunssfsi
 .text.avr-libc.fplib
                0x000076be        0xa c:/users/student/appdata/local/arduino15/packages/arduino/tools/avr-gcc/7.3.0-atmel3.6.1-arduino5/bin/../lib/gcc/avr/7.3.0/../../../../avr/lib/avrxmega3\libm.a(gesf2.o)
                0x000076be                __gesf2
                0x000076be                __gtsf2
 .text.avr-libc.fplib
                0x000076c8       0xa0 c:/users/student/appdata/local/arduino15/packages/arduino/tools/avr-gcc/7.3.0-atmel3.6.1-arduino5/bin/../lib/gcc/avr/7.3.0/../../../../avr/lib/avrxmega3\libm.a(log.o)
                0x000076d8                log
 .text.avr-libc.fplib
                0x00007768        0xa c:/users/student/appdata/local/arduino15/packages/arduino/tools/avr-gcc/7.3.0-atmel3.6.1-arduino5/bin/../lib/gcc/avr/7.3.0/../../../../avr/lib/avrxmega3\libm.a(unordsf2.o)
                0x00007768                __unordsf2
 .text.avr-libc.fplib
                0x00007772       0x1c c:/users/student/appdata/local/arduino15/packages/arduino/tools/avr-gcc/7.3.0-atmel3.6.1-arduino5/bin/../lib/gcc/avr/7.3.0/../../../../avr/lib/avrxmega3\libm.a(fp_mpack.o)
                0x00007772                __fp_mpack
                0x00007776                __fp_mpack_finite
 .text.avr-libc.fplib
                0x0000778e       0x4e c:/users/student/appdata/local/arduino15/packages/arduino/tools/avr-gcc/7.3.0-atmel3.6.1-arduino5/bin/../lib/gcc/avr/7.3.0/../../../../avr/lib/avrxmega3\libm.a(fp_powser.o)
                0x0000778e                __fp_powser
 .text.libgcc.div
                0x000077dc       0x28 c:/users/student/appdata/local/arduino15/packages/arduino/tools/avr-gcc/7.3.0-atmel3.6.1-arduino5/bin/../lib/gcc/avr/7.3.0/avrxmega3\libgcc.a(_udivmodhi4.o)
                0x000077dc                __udivmodhi4
 .text.libgcc.div
                0x00007804       0x28 c:/users/student/appdata/local/arduino15/packages/arduino/tools/avr-gcc/7.3.0-atmel3.6.1-arduino5/bin/../lib/gcc/avr/7.3.0/avrxmega3\libgcc.a(_divmodhi4.o)
                0x00007804                _div
                0x00007804                __divmodhi4
 .text.libgcc   0x0000782c        0xc c:/users/student/appdata/local/arduino15/packages/arduino/tools/avr-gcc/7.3.0-atmel3.6.1-arduino5/bin/../lib/gcc/avr/7.3.0/avrxmega3\libgcc.a(_tablejump2.o)
                0x0000782c                __tablejump2__
 .text.libgcc.builtins
                0x00007838       0x3a c:/users/student/appdata/local/arduino15/packages/arduino/tools/avr-gcc/7.3.0-atmel3.6.1-arduino5/bin/../lib/gcc/avr/7.3.0/avrxmega3\libgcc.a(_ashrdi3.o)
                0x00007838                __ashrdi3
                0x0000783c                __lshrdi3
 .text.libgcc   0x00007872       0x12 c:/users/student/appdata/local/arduino15/packages/arduino/tools/avr-gcc/7.3.0-atmel3.6.1-arduino5/bin/../lib/gcc/avr/7.3.0/avrxmega3\libgcc.a(_adddi3.o)
                0x00007872                __adddi3
 .text.libgcc   0x00007884       0x12 c:/users/student/appdata/local/arduino15/packages/arduino/tools/avr-gcc/7.3.0-atmel3.6.1-arduino5/bin/../lib/gcc/avr/7.3.0/avrxmega3\libgcc.a(_cmpdi2.o)
                0x00007884                __cmpdi2
 .text.libgcc   0x00007896       0x18 c:/users/student/appdata/local/arduino15/packages/arduino/tools/avr-gcc/7.3.0-atmel3.6.1-arduino5/bin/../lib/gcc/avr/7.3.0/avrxmega3\libgcc.a(_cmpdi2_s8.o)
                0x00007896                __cmpdi2_s8
 .text.avr-libc
                0x000078ae      0x24a c:/users/student/appdata/local/arduino15/packages/arduino/tools/avr-gcc/7.3.0-atmel3.6.1-arduino5/bin/../lib/gcc/avr/7.3.0/../../../../avr/lib/avrxmega3\libc.a(malloc.o)
                0x000078ae                malloc
                0x000079e6                free
 .text.avr-libc
                0x00007af8      0x17a c:/users/student/appdata/local/arduino15/packages/arduino/tools/avr-gcc/7.3.0-atmel3.6.1-arduino5/bin/../lib/gcc/avr/7.3.0/../../../../avr/lib/avrxmega3\libc.a(realloc.o)
                0x00007af8                realloc
 .text.avr-libc
                0x00007c72        0xa c:/users/student/appdata/local/arduino15/packages/arduino/tools/avr-gcc/7.3.0-atmel3.6.1-arduino5/bin/../lib/gcc/avr/7.3.0/../../../../avr/lib/avrxmega3\libc.a(abort.o)
                0x00007c72                abort
 .text.avr-libc
                0x00007c7c       0x18 c:/users/student/appdata/local/arduino15/packages/arduino/tools/avr-gcc/7.3.0-atmel3.6.1-arduino5/bin/../lib/gcc/avr/7.3.0/../../../../avr/lib/avrxmega3\libc.a(isxdigit.o)
                0x00007c7c                isxdigit
 .text.avr-libc
                0x00007c94       0x1a c:/users/student/appdata/local/arduino15/packages/arduino/tools/avr-gcc/7.3.0-atmel3.6.1-arduino5/bin/../lib/gcc/avr/7.3.0/../../../../avr/lib/avrxmega3\libc.a(memcmp.o)
                0x00007c94                memcmp
 .text.avr-libc
                0x00007cae       0x12 c:/users/student/appdata/local/arduino15/packages/arduino/tools/avr-gcc/7.3.0-atmel3.6.1-arduino5/bin/../lib/gcc/avr/7.3.0/../../../../avr/lib/avrxmega3\libc.a(memcpy.o)
                0x00007cae                memcpy
 .text.avr-libc
                0x00007cc0       0x12 c:/users/student/appdata/local/arduino15/packages/arduino/tools/avr-gcc/7.3.0-atmel3.6.1-arduino5/bin/../lib/gcc/avr/7.3.0/../../../../avr/lib/avrxmega3\libc.a(strcmp.o)
                0x00007cc0                strcmp
 .text.avr-libc
                0x00007cd2        0xe c:/users/student/appdata/local/arduino15/packages/arduino/tools/avr-gcc/7.3.0-atmel3.6.1-arduino5/bin/../lib/gcc/avr/7.3.0/../../../../avr/lib/avrxmega3\libc.a(strcpy.o)
                0x00007cd2                strcpy
 .text.avr-libc
                0x00007ce0       0x60 c:/users/student/appdata/local/arduino15/packages/arduino/tools/avr-gcc/7.3.0-atmel3.6.1-arduino5/bin/../lib/gcc/avr/7.3.0/../../../../avr/lib/avrxmega3\libc.a(snprintf.o)
                0x00007ce0                snprintf
 .text.avr-libc
                0x00007d40       0x46 c:/users/student/appdata/local/arduino15/packages/arduino/tools/avr-gcc/7.3.0-atmel3.6.1-arduino5/bin/../lib/gcc/avr/7.3.0/../../../../avr/lib/avrxmega3\libc.a(sprintf.o)
                0x00007d40                sprintf
 .text.avr-libc
                0x00007d86      0x3b4 c:/users/student/appdata/local/arduino15/packages/arduino/tools/avr-gcc/7.3.0-atmel3.6.1-arduino5/bin/../lib/gcc/avr/7.3.0/../../../../avr/lib/avrxmega3\libc.a(vfprintf_std.o)
                0x00007d86                vfprintf
 .text.avr-libc
                0x0000813a       0x16 c:/users/student/appdata/local/arduino15/packages/arduino/tools/avr-gcc/7.3.0-atmel3.6.1-arduino5/bin/../lib/gcc/avr/7.3.0/../../../../avr/lib/avrxmega3\libc.a(strnlen_P.o)
                0x0000813a                strnlen_P
 .text.avr-libc
                0x00008150       0x16 c:/users/student/appdata/local/arduino15/packages/arduino/tools/avr-gcc/7.3.0-atmel3.6.1-arduino5/bin/../lib/gcc/avr/7.3.0/../../../../avr/lib/avrxmega3\libc.a(strnlen.o)
                0x00008150                strnlen
 .text.avr-libc
                0x00008166       0x60 c:/users/student/appdata/local/arduino15/packages/arduino/tools/avr-gcc/7.3.0-atmel3.6.1-arduino5/bin/../lib/gcc/avr/7.3.0/../../../../avr/lib/avrxmega3\libc.a(fputc.o)
                0x00008166                fputc
 .text.avr-libc
                0x000081c6       0xbc c:/users/student/appdata/local/arduino15/packages/arduino/tools/avr-gcc/7.3.0-atmel3.6.1-arduino5/bin/../lib/gcc/avr/7.3.0/../../../../avr/lib/avrxmega3\libc.a(ultoa_invert.o)
                0x000081c6                __ultoa_invert
                0x00008282                . = ALIGN (0x2)
 *(.fini9)
 .fini9         0x00008282        0x0 c:/users/student/appdata/local/arduino15/packages/arduino/tools/avr-gcc/7.3.0-atmel3.6.1-arduino5/bin/../lib/gcc/avr/7.3.0/avrxmega3\libgcc.a(_exit.o)
                0x00008282                _exit
                0x00008282                exit
 *(.fini9)
 *(.fini8)
 *(.fini8)
 *(.fini7)
 *(.fini7)
 *(.fini6)
 .fini6         0x00008282       0x16 c:/users/student/appdata/local/arduino15/packages/arduino/tools/avr-gcc/7.3.0-atmel3.6.1-arduino5/bin/../lib/gcc/avr/7.3.0/avrxmega3\libgcc.a(_dtors.o)
                0x00008282                __do_global_dtors
 *(.fini6)
 *(.fini5)
 *(.fini5)
 *(.fini4)
 *(.fini4)
 *(.fini3)
 *(.fini3)
 *(.fini2)
 *(.fini2)
 *(.fini1)
 *(.fini1)
 *(.fini0)
 .fini0         0x00008298        0x4 c:/users/student/appdata/local/arduino15/packages/arduino/tools/avr-gcc/7.3.0-atmel3.6.1-arduino5/bin/../lib/gcc/avr/7.3.0/avrxmega3\libgcc.a(_exit.o)
 *(.fini0)
                0x0000829c                _etext = .

.rodata         0x0000c29c      0x5cf load address 0x0000829c
 *(.rodata)
 .rodata        0x0000c29c      0x209 C:\Users\Student\AppData\Local\Temp\ccqhUZE3.ltrans0.ltrans.o
 *(.rodata*)
 .rodata.str1.1
                0x0000c4a5      0x3c6 C:\Users\Student\AppData\Local\Temp\ccqhUZE3.ltrans0.ltrans.o
                                0x3cb (size before relaxing)
 *(.gnu.linkonce.r*)

.data           0x00802800       0x1e load address 0x0000886b
                0x00802800                PROVIDE (__data_start, .)
 *(.data)
 .data          0x00802800       0x17 C:\Users\Student\AppData\Local\Temp\ccqhUZE3.ltrans0.ltrans.o
 .data          0x00802817        0x6 c:/users/student/appdata/local/arduino15/packages/arduino/tools/avr-gcc/7.3.0-atmel3.6.1-arduino5/bin/../lib/gcc/avr/7.3.0/../../../../avr/lib/avrxmega3\libc.a(malloc.o)
                0x00802817                __malloc_heap_end
                0x00802819                __malloc_heap_start
                0x0080281b                __malloc_margin
 *(.data*)
 *(.gnu.linkonce.d*)
                0x0080281e                . = ALIGN (0x2)
 *fill*         0x0080281d        0x1 
                0x0080281e                _edata = .
                0x0080281e                PROVIDE (__data_end, .)

.bss            0x0080281e      0x42d
                0x0080281e                PROVIDE (__bss_start, .)
 *(.bss)
 .bss           0x0080281e      0x427 C:\Users\Student\AppData\Local\Temp\ccqhUZE3.ltrans0.ltrans.o
 *(.bss*)
 *(COMMON)
 COMMON         0x00802c45        0x2 c:/users/student/appdata/local/arduino15/packages/arduino/tools/avr-gcc/7.3.0-atmel3.6.1-arduino5/bin/../lib/gcc/avr/7.3.0/../../../../avr/lib/avrxmega3\libc.a(errno.o)
                0x00802c45                errno
 COMMON         0x00802c47        0x4 c:/users/student/appdata/local/arduino15/packages/arduino/tools/avr-gcc/7.3.0-atmel3.6.1-arduino5/bin/../lib/gcc/avr/7.3.0/../../../../avr/lib/avrxmega3\libc.a(malloc.o)
                0x00802c47                __brkval
                0x00802c49                __flp
                0x00802c4b                PROVIDE (__bss_end, .)
                0x0000886b                __data_load_start = LOADADDR (.data)
                0x00008889                __data_load_end = (__data_load_start + SIZEOF (.data))

.noinit         0x00802c4b        0x0
                [!provide]                PROVIDE (__noinit_start, .)
 *(.noinit*)
                [!provide]                PROVIDE (__noinit_end, .)
                0x00802c4b                _end = .
                0x00802c4b                PROVIDE (__heap_start, .)

.eeprom         0x00810000        0x0
 *(.eeprom*)
                0x00810000                __eeprom_end = .

.fuse
 *(.fuse)
 *(.lfuse)
 *(.hfuse)
 *(.efuse)

.lock
 *(.lock*)

.signature
 *(.signature*)

.user_signatures
 *(.user_signatures*)

.stab
 *(.stab)

.stabstr
 *(.stabstr)

.stab.excl
 *(.stab.excl)

.stab.exclstr
 *(.stab.exclstr)

.stab.index
 *(.stab.index)

.stab.indexstr
 *(.stab.indexstr)

.comment        0x00000000       0x11
 *(.comment)
 .comment       0x00000000       0x12 C:\Users\Student\AppData\Local\Temp\ccqhUZE3.ltrans0.ltrans.o
 .comment       0x00000000       0x11 c:/users/student/appdata/local/arduino15/packages/arduino/tools/avr-gcc/7.3.0-atmel3.6.1-arduino5/bin/../lib/gcc/avr/7.3.0/../../../../avr/lib/avrxmega3\libc.a(strtol.o)
                                 0x12 (size before relaxing)
 .comment       0x00000011       0x12 c:/users/student/appdata/local/arduino15/packages/arduino/tools/avr-gcc/7.3.0-atmel3.6.1-arduino5/bin/../lib/gcc/avr/7.3.0/../../../../avr/lib/avrxmega3\libc.a(errno.o)
 .comment       0x00000011       0x12 c:/users/student/appdata/local/arduino15/packages/arduino/tools/avr-gcc/7.3.0-atmel3.6.1-arduino5/bin/../lib/gcc/avr/7.3.0/../../../../avr/lib/avrxmega3\libc.a(malloc.o)
 .comment       0x00000011       0x12 c:/users/student/appdata/local/arduino15/packages/arduino/tools/avr-gcc/7.3.0-atmel3.6.1-arduino5/bin/../lib/gcc/avr/7.3.0/../../../../avr/lib/avrxmega3\libc.a(realloc.o)
 .comment       0x00000011       0x12 c:/users/student/appdata/local/arduino15/packages/arduino/tools/avr-gcc/7.3.0-atmel3.6.1-arduino5/bin/../lib/gcc/avr/7.3.0/../../../../avr/lib/avrxmega3\libc.a(snprintf.o)
 .comment       0x00000011       0x12 c:/users/student/appdata/local/arduino15/packages/arduino/tools/avr-gcc/7.3.0-atmel3.6.1-arduino5/bin/../lib/gcc/avr/7.3.0/../../../../avr/lib/avrxmega3\libc.a(sprintf.o)
 .comment       0x00000011       0x12 c:/users/student/appdata/local/arduino15/packages/arduino/tools/avr-gcc/7.3.0-atmel3.6.1-arduino5/bin/../lib/gcc/avr/7.3.0/../../../../avr/lib/avrxmega3\libc.a(vfprintf_std.o)
 .comment       0x00000011       0x12 c:/users/student/appdata/local/arduino15/packages/arduino/tools/avr-gcc/7.3.0-atmel3.6.1-arduino5/bin/../lib/gcc/avr/7.3.0/../../../../avr/lib/avrxmega3\libc.a(fputc.o)

.note.gnu.avr.deviceinfo
                0x00000000       0x40
 .note.gnu.avr.deviceinfo
                0x00000000       0x40 c:/users/student/appdata/local/arduino15/packages/arduino/tools/avr-gcc/7.3.0-atmel3.6.1-arduino5/bin/../lib/gcc/avr/7.3.0/../../../../avr/lib/avrxmega3/crtatmega4809.o

.note.gnu.build-id
 *(.note.gnu.build-id)

.debug
 *(.debug)

.line
 *(.line)

.debug_srcinfo
 *(.debug_srcinfo)

.debug_sfnames
 *(.debug_sfnames)

.debug_aranges  0x00000000      0x2c8
 *(.debug_aranges)
 .debug_aranges
                0x00000000       0x28 C:\Users\Student\AppData\Local\Temp\ccqhUZE3.ltrans0.ltrans.o
 .debug_aranges
                0x00000028       0x20 c:/users/student/appdata/local/arduino15/packages/arduino/tools/avr-gcc/7.3.0-atmel3.6.1-arduino5/bin/../lib/gcc/avr/7.3.0/avrxmega3\libgcc.a(_exit.o)
 .debug_aranges
                0x00000048       0x20 c:/users/student/appdata/local/arduino15/packages/arduino/tools/avr-gcc/7.3.0-atmel3.6.1-arduino5/bin/../lib/gcc/avr/7.3.0/avrxmega3\libgcc.a(_mulsi3.o)
 .debug_aranges
                0x00000068       0x20 c:/users/student/appdata/local/arduino15/packages/arduino/tools/avr-gcc/7.3.0-atmel3.6.1-arduino5/bin/../lib/gcc/avr/7.3.0/avrxmega3\libgcc.a(_udivmodsi4.o)
 .debug_aranges
                0x00000088       0x20 c:/users/student/appdata/local/arduino15/packages/arduino/tools/avr-gcc/7.3.0-atmel3.6.1-arduino5/bin/../lib/gcc/avr/7.3.0/avrxmega3\libgcc.a(_divmodsi4.o)
 .debug_aranges
                0x000000a8       0x20 c:/users/student/appdata/local/arduino15/packages/arduino/tools/avr-gcc/7.3.0-atmel3.6.1-arduino5/bin/../lib/gcc/avr/7.3.0/avrxmega3\libgcc.a(_negsi2.o)
 .debug_aranges
                0x000000c8       0x20 c:/users/student/appdata/local/arduino15/packages/arduino/tools/avr-gcc/7.3.0-atmel3.6.1-arduino5/bin/../lib/gcc/avr/7.3.0/avrxmega3\libgcc.a(_copy_data.o)
 .debug_aranges
                0x000000e8       0x20 c:/users/student/appdata/local/arduino15/packages/arduino/tools/avr-gcc/7.3.0-atmel3.6.1-arduino5/bin/../lib/gcc/avr/7.3.0/avrxmega3\libgcc.a(_clear_bss.o)
 .debug_aranges
                0x00000108       0x20 c:/users/student/appdata/local/arduino15/packages/arduino/tools/avr-gcc/7.3.0-atmel3.6.1-arduino5/bin/../lib/gcc/avr/7.3.0/avrxmega3\libgcc.a(_muluhisi3.o)
 .debug_aranges
                0x00000128       0x20 c:/users/student/appdata/local/arduino15/packages/arduino/tools/avr-gcc/7.3.0-atmel3.6.1-arduino5/bin/../lib/gcc/avr/7.3.0/avrxmega3\libgcc.a(_mulshisi3.o)
 .debug_aranges
                0x00000148       0x20 c:/users/student/appdata/local/arduino15/packages/arduino/tools/avr-gcc/7.3.0-atmel3.6.1-arduino5/bin/../lib/gcc/avr/7.3.0/avrxmega3\libgcc.a(_prologue.o)
 .debug_aranges
                0x00000168       0x20 c:/users/student/appdata/local/arduino15/packages/arduino/tools/avr-gcc/7.3.0-atmel3.6.1-arduino5/bin/../lib/gcc/avr/7.3.0/avrxmega3\libgcc.a(_epilogue.o)
 .debug_aranges
                0x00000188       0x20 c:/users/student/appdata/local/arduino15/packages/arduino/tools/avr-gcc/7.3.0-atmel3.6.1-arduino5/bin/../lib/gcc/avr/7.3.0/avrxmega3\libgcc.a(_umulhisi3.o)
 .debug_aranges
                0x000001a8       0x20 c:/users/student/appdata/local/arduino15/packages/arduino/tools/avr-gcc/7.3.0-atmel3.6.1-arduino5/bin/../lib/gcc/avr/7.3.0/avrxmega3\libgcc.a(_udivmodhi4.o)
 .debug_aranges
                0x000001c8       0x20 c:/users/student/appdata/local/arduino15/packages/arduino/tools/avr-gcc/7.3.0-atmel3.6.1-arduino5/bin/../lib/gcc/avr/7.3.0/avrxmega3\libgcc.a(_divmodhi4.o)
 .debug_aranges
                0x000001e8       0x20 c:/users/student/appdata/local/arduino15/packages/arduino/tools/avr-gcc/7.3.0-atmel3.6.1-arduino5/bin/../lib/gcc/avr/7.3.0/avrxmega3\libgcc.a(_tablejump2.o)
 .debug_aranges
                0x00000208       0x20 c:/users/student/appdata/local/arduino15/packages/arduino/tools/avr-gcc/7.3.0-atmel3.6.1-arduino5/bin/../lib/gcc/avr/7.3.0/avrxmega3\libgcc.a(_ctors.o)
 .debug_aranges
                0x00000228       0x20 c:/users/student/appdata/local/arduino15/packages/arduino/tools/avr-gcc/7.3.0-atmel3.6.1-arduino5/bin/../lib/gcc/avr/7.3.0/avrxmega3\libgcc.a(_dtors.o)
 .debug_aranges
                0x00000248       0x20 c:/users/student/appdata/local/arduino15/packages/arduino/tools/avr-gcc/7.3.0-atmel3.6.1-arduino5/bin/../lib/gcc/avr/7.3.0/avrxmega3\libgcc.a(_ashrdi3.o)
 .debug_aranges
                0x00000268       0x20 c:/users/student/appdata/local/arduino15/packages/arduino/tools/avr-gcc/7.3.0-atmel3.6.1-arduino5/bin/../lib/gcc/avr/7.3.0/avrxmega3\libgcc.a(_adddi3.o)
 .debug_aranges
                0x00000288       0x20 c:/users/student/appdata/local/arduino15/packages/arduino/tools/avr-gcc/7.3.0-atmel3.6.1-arduino5/bin/../lib/gcc/avr/7.3.0/avrxmega3\libgcc.a(_cmpdi2.o)
 .debug_aranges
                0x000002a8       0x20 c:/users/student/appdata/local/arduino15/packages/arduino/tools/avr-gcc/7.3.0-atmel3.6.1-arduino5/bin/../lib/gcc/avr/7.3.0/avrxmega3\libgcc.a(_cmpdi2_s8.o)

.debug_pubnames
 *(.debug_pubnames)

.debug_info     0x00000000    0x166a8
 *(.debug_info .gnu.linkonce.wi.*)
 .debug_info    0x00000000     0x249d c:/users/student/appdata/local/arduino15/packages/arduino/tools/avr-gcc/7.3.0-atmel3.6.1-arduino5/bin/../lib/gcc/avr/7.3.0/../../../../avr/lib/avrxmega3/crtatmega4809.o
 .debug_info    0x0000249d    0x1324b C:\Users\Student\AppData\Local\Temp\ccqhUZE3.ltrans0.ltrans.o
 .debug_info    0x000156e8       0xc0 c:/users/student/appdata/local/arduino15/packages/arduino/tools/avr-gcc/7.3.0-atmel3.6.1-arduino5/bin/../lib/gcc/avr/7.3.0/avrxmega3\libgcc.a(_exit.o)
 .debug_info    0x000157a8       0xc0 c:/users/student/appdata/local/arduino15/packages/arduino/tools/avr-gcc/7.3.0-atmel3.6.1-arduino5/bin/../lib/gcc/avr/7.3.0/avrxmega3\libgcc.a(_mulsi3.o)
 .debug_info    0x00015868       0xc0 c:/users/student/appdata/local/arduino15/packages/arduino/tools/avr-gcc/7.3.0-atmel3.6.1-arduino5/bin/../lib/gcc/avr/7.3.0/avrxmega3\libgcc.a(_udivmodsi4.o)
 .debug_info    0x00015928       0xc0 c:/users/student/appdata/local/arduino15/packages/arduino/tools/avr-gcc/7.3.0-atmel3.6.1-arduino5/bin/../lib/gcc/avr/7.3.0/avrxmega3\libgcc.a(_divmodsi4.o)
 .debug_info    0x000159e8       0xc0 c:/users/student/appdata/local/arduino15/packages/arduino/tools/avr-gcc/7.3.0-atmel3.6.1-arduino5/bin/../lib/gcc/avr/7.3.0/avrxmega3\libgcc.a(_negsi2.o)
 .debug_info    0x00015aa8       0xc0 c:/users/student/appdata/local/arduino15/packages/arduino/tools/avr-gcc/7.3.0-atmel3.6.1-arduino5/bin/../lib/gcc/avr/7.3.0/avrxmega3\libgcc.a(_copy_data.o)
 .debug_info    0x00015b68       0xc0 c:/users/student/appdata/local/arduino15/packages/arduino/tools/avr-gcc/7.3.0-atmel3.6.1-arduino5/bin/../lib/gcc/avr/7.3.0/avrxmega3\libgcc.a(_clear_bss.o)
 .debug_info    0x00015c28       0xc0 c:/users/student/appdata/local/arduino15/packages/arduino/tools/avr-gcc/7.3.0-atmel3.6.1-arduino5/bin/../lib/gcc/avr/7.3.0/avrxmega3\libgcc.a(_muluhisi3.o)
 .debug_info    0x00015ce8       0xc0 c:/users/student/appdata/local/arduino15/packages/arduino/tools/avr-gcc/7.3.0-atmel3.6.1-arduino5/bin/../lib/gcc/avr/7.3.0/avrxmega3\libgcc.a(_mulshisi3.o)
 .debug_info    0x00015da8       0xc0 c:/users/student/appdata/local/arduino15/packages/arduino/tools/avr-gcc/7.3.0-atmel3.6.1-arduino5/bin/../lib/gcc/avr/7.3.0/avrxmega3\libgcc.a(_prologue.o)
 .debug_info    0x00015e68       0xc0 c:/users/student/appdata/local/arduino15/packages/arduino/tools/avr-gcc/7.3.0-atmel3.6.1-arduino5/bin/../lib/gcc/avr/7.3.0/avrxmega3\libgcc.a(_epilogue.o)
 .debug_info    0x00015f28       0xc0 c:/users/student/appdata/local/arduino15/packages/arduino/tools/avr-gcc/7.3.0-atmel3.6.1-arduino5/bin/../lib/gcc/avr/7.3.0/avrxmega3\libgcc.a(_umulhisi3.o)
 .debug_info    0x00015fe8       0xc0 c:/users/student/appdata/local/arduino15/packages/arduino/tools/avr-gcc/7.3.0-atmel3.6.1-arduino5/bin/../lib/gcc/avr/7.3.0/avrxmega3\libgcc.a(_udivmodhi4.o)
 .debug_info    0x000160a8       0xc0 c:/users/student/appdata/local/arduino15/packages/arduino/tools/avr-gcc/7.3.0-atmel3.6.1-arduino5/bin/../lib/gcc/avr/7.3.0/avrxmega3\libgcc.a(_divmodhi4.o)
 .debug_info    0x00016168       0xc0 c:/users/student/appdata/local/arduino15/packages/arduino/tools/avr-gcc/7.3.0-atmel3.6.1-arduino5/bin/../lib/gcc/avr/7.3.0/avrxmega3\libgcc.a(_tablejump2.o)
 .debug_info    0x00016228       0xc0 c:/users/student/appdata/local/arduino15/packages/arduino/tools/avr-gcc/7.3.0-atmel3.6.1-arduino5/bin/../lib/gcc/avr/7.3.0/avrxmega3\libgcc.a(_ctors.o)
 .debug_info    0x000162e8       0xc0 c:/users/student/appdata/local/arduino15/packages/arduino/tools/avr-gcc/7.3.0-atmel3.6.1-arduino5/bin/../lib/gcc/avr/7.3.0/avrxmega3\libgcc.a(_dtors.o)
 .debug_info    0x000163a8       0xc0 c:/users/student/appdata/local/arduino15/packages/arduino/tools/avr-gcc/7.3.0-atmel3.6.1-arduino5/bin/../lib/gcc/avr/7.3.0/avrxmega3\libgcc.a(_ashrdi3.o)
 .debug_info    0x00016468       0xc0 c:/users/student/appdata/local/arduino15/packages/arduino/tools/avr-gcc/7.3.0-atmel3.6.1-arduino5/bin/../lib/gcc/avr/7.3.0/avrxmega3\libgcc.a(_adddi3.o)
 .debug_info    0x00016528       0xc0 c:/users/student/appdata/local/arduino15/packages/arduino/tools/avr-gcc/7.3.0-atmel3.6.1-arduino5/bin/../lib/gcc/avr/7.3.0/avrxmega3\libgcc.a(_cmpdi2.o)
 .debug_info    0x000165e8       0xc0 c:/users/student/appdata/local/arduino15/packages/arduino/tools/avr-gcc/7.3.0-atmel3.6.1-arduino5/bin/../lib/gcc/avr/7.3.0/avrxmega3\libgcc.a(_cmpdi2_s8.o)

.debug_abbrev   0x00000000     0x33a6
 *(.debug_abbrev)
 .debug_abbrev  0x00000000     0x22a8 c:/users/student/appdata/local/arduino15/packages/arduino/tools/avr-gcc/7.3.0-atmel3.6.1-arduino5/bin/../lib/gcc/avr/7.3.0/../../../../avr/lib/avrxmega3/crtatmega4809.o
 .debug_abbrev  0x000022a8      0xf5a C:\Users\Student\AppData\Local\Temp\ccqhUZE3.ltrans0.ltrans.o
 .debug_abbrev  0x00003202       0x14 c:/users/student/appdata/local/arduino15/packages/arduino/tools/avr-gcc/7.3.0-atmel3.6.1-arduino5/bin/../lib/gcc/avr/7.3.0/avrxmega3\libgcc.a(_exit.o)
 .debug_abbrev  0x00003216       0x14 c:/users/student/appdata/local/arduino15/packages/arduino/tools/avr-gcc/7.3.0-atmel3.6.1-arduino5/bin/../lib/gcc/avr/7.3.0/avrxmega3\libgcc.a(_mulsi3.o)
 .debug_abbrev  0x0000322a       0x14 c:/users/student/appdata/local/arduino15/packages/arduino/tools/avr-gcc/7.3.0-atmel3.6.1-arduino5/bin/../lib/gcc/avr/7.3.0/avrxmega3\libgcc.a(_udivmodsi4.o)
 .debug_abbrev  0x0000323e       0x14 c:/users/student/appdata/local/arduino15/packages/arduino/tools/avr-gcc/7.3.0-atmel3.6.1-arduino5/bin/../lib/gcc/avr/7.3.0/avrxmega3\libgcc.a(_divmodsi4.o)
 .debug_abbrev  0x00003252       0x14 c:/users/student/appdata/local/arduino15/packages/arduino/tools/avr-gcc/7.3.0-atmel3.6.1-arduino5/bin/../lib/gcc/avr/7.3.0/avrxmega3\libgcc.a(_negsi2.o)
 .debug_abbrev  0x00003266       0x14 c:/users/student/appdata/local/arduino15/packages/arduino/tools/avr-gcc/7.3.0-atmel3.6.1-arduino5/bin/../lib/gcc/avr/7.3.0/avrxmega3\libgcc.a(_copy_data.o)
 .debug_abbrev  0x0000327a       0x14 c:/users/student/appdata/local/arduino15/packages/arduino/tools/avr-gcc/7.3.0-atmel3.6.1-arduino5/bin/../lib/gcc/avr/7.3.0/avrxmega3\libgcc.a(_clear_bss.o)
 .debug_abbrev  0x0000328e       0x14 c:/users/student/appdata/local/arduino15/packages/arduino/tools/avr-gcc/7.3.0-atmel3.6.1-arduino5/bin/../lib/gcc/avr/7.3.0/avrxmega3\libgcc.a(_muluhisi3.o)
 .debug_abbrev  0x000032a2       0x14 c:/users/student/appdata/local/arduino15/packages/arduino/tools/avr-gcc/7.3.0-atmel3.6.1-arduino5/bin/../lib/gcc/avr/7.3.0/avrxmega3\libgcc.a(_mulshisi3.o)
 .debug_abbrev  0x000032b6       0x14 c:/users/student/appdata/local/arduino15/packages/arduino/tools/avr-gcc/7.3.0-atmel3.6.1-arduino5/bin/../lib/gcc/avr/7.3.0/avrxmega3\libgcc.a(_prologue.o)
 .debug_abbrev  0x000032ca       0x14 c:/users/student/appdata/local/arduino15/packages/arduino/tools/avr-gcc/7.3.0-atmel3.6.1-arduino5/bin/../lib/gcc/avr/7.3.0/avrxmega3\libgcc.a(_epilogue.o)
 .debug_abbrev  0x000032de       0x14 c:/users/student/appdata/local/arduino15/packages/arduino/tools/avr-gcc/7.3.0-atmel3.6.1-arduino5/bin/../lib/gcc/avr/7.3.0/avrxmega3\libgcc.a(_umulhisi3.o)
 .debug_abbrev  0x000032f2       0x14 c:/users/student/appdata/local/arduino15/packages/arduino/tools/avr-gcc/7.3.0-atmel3.6.1-arduino5/bin/../lib/gcc/avr/7.3.0/avrxmega3\libgcc.a(_udivmodhi4.o)
 .debug_abbrev  0x00003306       0x14 c:/users/student/appdata/local/arduino15/packages/arduino/tools/avr-gcc/7.3.0-atmel3.6.1-arduino5/bin/../lib/gcc/avr/7.3.0/avrxmega3\libgcc.a(_divmodhi4.o)
 .debug_abbrev  0x0000331a       0x14 c:/users/student/appdata/local/arduino15/packages/arduino/tools/avr-gcc/7.3.0-atmel3.6.1-arduino5/bin/../lib/gcc/avr/7.3.0/avrxmega3\libgcc.a(_tablejump2.o)
 .debug_abbrev  0x0000332e       0x14 c:/users/student/appdata/local/arduino15/packages/arduino/tools/avr-gcc/7.3.0-atmel3.6.1-arduino5/bin/../lib/gcc/avr/7.3.0/avrxmega3\libgcc.a(_ctors.o)
 .debug_abbrev  0x00003342       0x14 c:/users/student/appdata/local/arduino15/packages/arduino/tools/avr-gcc/7.3.0-atmel3.6.1-arduino5/bin/../lib/gcc/avr/7.3.0/avrxmega3\libgcc.a(_dtors.o)
 .debug_abbrev  0x00003356       0x14 c:/users/student/appdata/local/arduino15/packages/arduino/tools/avr-gcc/7.3.0-atmel3.6.1-arduino5/bin/../lib/gcc/avr/7.3.0/avrxmega3\libgcc.a(_ashrdi3.o)
 .debug_abbrev  0x0000336a       0x14 c:/users/student/appdata/local/arduino15/packages/arduino/tools/avr-gcc/7.3.0-atmel3.6.1-arduino5/bin/../lib/gcc/avr/7.3.0/avrxmega3\libgcc.a(_adddi3.o)
 .debug_abbrev  0x0000337e       0x14 c:/users/student/appdata/local/arduino15/packages/arduino/tools/avr-gcc/7.3.0-atmel3.6.1-arduino5/bin/../lib/gcc/avr/7.3.0/avrxmega3\libgcc.a(_cmpdi2.o)
 .debug_abbrev  0x00003392       0x14 c:/users/student/appdata/local/arduino15/packages/arduino/tools/avr-gcc/7.3.0-atmel3.6.1-arduino5/bin/../lib/gcc/avr/7.3.0/avrxmega3\libgcc.a(_cmpdi2_s8.o)

.debug_line     0x00000000     0x589c
 *(.debug_line .debug_line.* .debug_line_end)
 .debug_line    0x00000000      0x187 c:/users/student/appdata/local/arduino15/packages/arduino/tools/avr-gcc/7.3.0-atmel3.6.1-arduino5/bin/../lib/gcc/avr/7.3.0/../../../../avr/lib/avrxmega3/crtatmega4809.o
 .debug_line    0x00000187     0x4983 C:\Users\Student\AppData\Local\Temp\ccqhUZE3.ltrans0.ltrans.o
 .debug_line    0x00004b0a       0x62 c:/users/student/appdata/local/arduino15/packages/arduino/tools/avr-gcc/7.3.0-atmel3.6.1-arduino5/bin/../lib/gcc/avr/7.3.0/avrxmega3\libgcc.a(_exit.o)
 .debug_line    0x00004b6c       0xb0 c:/users/student/appdata/local/arduino15/packages/arduino/tools/avr-gcc/7.3.0-atmel3.6.1-arduino5/bin/../lib/gcc/avr/7.3.0/avrxmega3\libgcc.a(_mulsi3.o)
 .debug_line    0x00004c1c      0x122 c:/users/student/appdata/local/arduino15/packages/arduino/tools/avr-gcc/7.3.0-atmel3.6.1-arduino5/bin/../lib/gcc/avr/7.3.0/avrxmega3\libgcc.a(_udivmodsi4.o)
 .debug_line    0x00004d3e       0xce c:/users/student/appdata/local/arduino15/packages/arduino/tools/avr-gcc/7.3.0-atmel3.6.1-arduino5/bin/../lib/gcc/avr/7.3.0/avrxmega3\libgcc.a(_divmodsi4.o)
 .debug_line    0x00004e0c       0x62 c:/users/student/appdata/local/arduino15/packages/arduino/tools/avr-gcc/7.3.0-atmel3.6.1-arduino5/bin/../lib/gcc/avr/7.3.0/avrxmega3\libgcc.a(_negsi2.o)
 .debug_line    0x00004e6e       0x98 c:/users/student/appdata/local/arduino15/packages/arduino/tools/avr-gcc/7.3.0-atmel3.6.1-arduino5/bin/../lib/gcc/avr/7.3.0/avrxmega3\libgcc.a(_copy_data.o)
 .debug_line    0x00004f06       0x86 c:/users/student/appdata/local/arduino15/packages/arduino/tools/avr-gcc/7.3.0-atmel3.6.1-arduino5/bin/../lib/gcc/avr/7.3.0/avrxmega3\libgcc.a(_clear_bss.o)
 .debug_line    0x00004f8c       0x92 c:/users/student/appdata/local/arduino15/packages/arduino/tools/avr-gcc/7.3.0-atmel3.6.1-arduino5/bin/../lib/gcc/avr/7.3.0/avrxmega3\libgcc.a(_muluhisi3.o)
 .debug_line    0x0000501e       0x7a c:/users/student/appdata/local/arduino15/packages/arduino/tools/avr-gcc/7.3.0-atmel3.6.1-arduino5/bin/../lib/gcc/avr/7.3.0/avrxmega3\libgcc.a(_mulshisi3.o)
 .debug_line    0x00005098       0xec c:/users/student/appdata/local/arduino15/packages/arduino/tools/avr-gcc/7.3.0-atmel3.6.1-arduino5/bin/../lib/gcc/avr/7.3.0/avrxmega3\libgcc.a(_prologue.o)
 .debug_line    0x00005184       0xe6 c:/users/student/appdata/local/arduino15/packages/arduino/tools/avr-gcc/7.3.0-atmel3.6.1-arduino5/bin/../lib/gcc/avr/7.3.0/avrxmega3\libgcc.a(_epilogue.o)
 .debug_line    0x0000526a       0xb0 c:/users/student/appdata/local/arduino15/packages/arduino/tools/avr-gcc/7.3.0-atmel3.6.1-arduino5/bin/../lib/gcc/avr/7.3.0/avrxmega3\libgcc.a(_umulhisi3.o)
 .debug_line    0x0000531a       0xce c:/users/student/appdata/local/arduino15/packages/arduino/tools/avr-gcc/7.3.0-atmel3.6.1-arduino5/bin/../lib/gcc/avr/7.3.0/avrxmega3\libgcc.a(_udivmodhi4.o)
 .debug_line    0x000053e8       0xc8 c:/users/student/appdata/local/arduino15/packages/arduino/tools/avr-gcc/7.3.0-atmel3.6.1-arduino5/bin/../lib/gcc/avr/7.3.0/avrxmega3\libgcc.a(_divmodhi4.o)
 .debug_line    0x000054b0       0x7a c:/users/student/appdata/local/arduino15/packages/arduino/tools/avr-gcc/7.3.0-atmel3.6.1-arduino5/bin/../lib/gcc/avr/7.3.0/avrxmega3\libgcc.a(_tablejump2.o)
 .debug_line    0x0000552a       0x92 c:/users/student/appdata/local/arduino15/packages/arduino/tools/avr-gcc/7.3.0-atmel3.6.1-arduino5/bin/../lib/gcc/avr/7.3.0/avrxmega3\libgcc.a(_ctors.o)
 .debug_line    0x000055bc       0x92 c:/users/student/appdata/local/arduino15/packages/arduino/tools/avr-gcc/7.3.0-atmel3.6.1-arduino5/bin/../lib/gcc/avr/7.3.0/avrxmega3\libgcc.a(_dtors.o)
 .debug_line    0x0000564e      0x104 c:/users/student/appdata/local/arduino15/packages/arduino/tools/avr-gcc/7.3.0-atmel3.6.1-arduino5/bin/../lib/gcc/avr/7.3.0/avrxmega3\libgcc.a(_ashrdi3.o)
 .debug_line    0x00005752       0x68 c:/users/student/appdata/local/arduino15/packages/arduino/tools/avr-gcc/7.3.0-atmel3.6.1-arduino5/bin/../lib/gcc/avr/7.3.0/avrxmega3\libgcc.a(_adddi3.o)
 .debug_line    0x000057ba       0x68 c:/users/student/appdata/local/arduino15/packages/arduino/tools/avr-gcc/7.3.0-atmel3.6.1-arduino5/bin/../lib/gcc/avr/7.3.0/avrxmega3\libgcc.a(_cmpdi2.o)
 .debug_line    0x00005822       0x7a c:/users/student/appdata/local/arduino15/packages/arduino/tools/avr-gcc/7.3.0-atmel3.6.1-arduino5/bin/../lib/gcc/avr/7.3.0/avrxmega3\libgcc.a(_cmpdi2_s8.o)

.debug_frame    0x00000000     0x1e48
 *(.debug_frame)
 .debug_frame   0x00000000     0x1e48 C:\Users\Student\AppData\Local\Temp\ccqhUZE3.ltrans0.ltrans.o

.debug_str      0x00000000     0x43a8
 *(.debug_str)
 .debug_str     0x00000000      0xf8b c:/users/student/appdata/local/arduino15/packages/arduino/tools/avr-gcc/7.3.0-atmel3.6.1-arduino5/bin/../lib/gcc/avr/7.3.0/../../../../avr/lib/avrxmega3/crtatmega4809.o
 .debug_str     0x00000f8b     0x341d C:\Users\Student\AppData\Local\Temp\ccqhUZE3.ltrans0.ltrans.o
                               0x37a0 (size before relaxing)

.debug_loc      0x00000000     0xbb27
 *(.debug_loc)
 .debug_loc     0x00000000     0xbb27 C:\Users\Student\AppData\Local\Temp\ccqhUZE3.ltrans0.ltrans.o

.debug_macinfo
 *(.debug_macinfo)

.debug_weaknames
 *(.debug_weaknames)

.debug_funcnames
 *(.debug_funcnames)

.debug_typenames
 *(.debug_typenames)

.debug_varnames
 *(.debug_varnames)

.debug_pubtypes
 *(.debug_pubtypes)

.debug_ranges   0x00000000      0x900
 *(.debug_ranges)
 .debug_ranges  0x00000000      0x900 C:\Users\Student\AppData\Local\Temp\ccqhUZE3.ltrans0.ltrans.o

.debug_macro
 *(.debug_macro)
OUTPUT(C:\Users\Student\Documents\1 Uni Year 3\temperature_checker\IoT_temperature_checker\arduino\build/arduino.ino.elf elf32-avr)
LOAD linker stubs
